Archive member included to satisfy reference by file (symbol)

/Applications/STM32CubeIDE.app/Contents/Eclipse/plugins/com.st.stm32cube.ide.mcu.externaltools.gnu-tools-for-stm32.13.3.rel1.macos64_1.0.0.202411102158/tools/bin/../lib/gcc/arm-none-eabi/13.3.1/../../../../arm-none-eabi/lib/thumb/v7e-m+fp/hard/libc_nano.a(libc_a-exit.o)
                              /Applications/STM32CubeIDE.app/Contents/Eclipse/plugins/com.st.stm32cube.ide.mcu.externaltools.gnu-tools-for-stm32.13.3.rel1.macos64_1.0.0.202411102158/tools/bin/../lib/gcc/arm-none-eabi/13.3.1/../../../../arm-none-eabi/lib/thumb/v7e-m+fp/hard/crt0.o (exit)
/Applications/STM32CubeIDE.app/Contents/Eclipse/plugins/com.st.stm32cube.ide.mcu.externaltools.gnu-tools-for-stm32.13.3.rel1.macos64_1.0.0.202411102158/tools/bin/../lib/gcc/arm-none-eabi/13.3.1/../../../../arm-none-eabi/lib/thumb/v7e-m+fp/hard/libc_nano.a(libc_a-findfp.o)
                              /Applications/STM32CubeIDE.app/Contents/Eclipse/plugins/com.st.stm32cube.ide.mcu.externaltools.gnu-tools-for-stm32.13.3.rel1.macos64_1.0.0.202411102158/tools/bin/../lib/gcc/arm-none-eabi/13.3.1/../../../../arm-none-eabi/lib/thumb/v7e-m+fp/hard/libc_nano.a(libc_a-exit.o) (__stdio_exit_handler)
/Applications/STM32CubeIDE.app/Contents/Eclipse/plugins/com.st.stm32cube.ide.mcu.externaltools.gnu-tools-for-stm32.13.3.rel1.macos64_1.0.0.202411102158/tools/bin/../lib/gcc/arm-none-eabi/13.3.1/../../../../arm-none-eabi/lib/thumb/v7e-m+fp/hard/libc_nano.a(libc_a-fwalk.o)
                              /Applications/STM32CubeIDE.app/Contents/Eclipse/plugins/com.st.stm32cube.ide.mcu.externaltools.gnu-tools-for-stm32.13.3.rel1.macos64_1.0.0.202411102158/tools/bin/../lib/gcc/arm-none-eabi/13.3.1/../../../../arm-none-eabi/lib/thumb/v7e-m+fp/hard/libc_nano.a(libc_a-findfp.o) (_fwalk_sglue)
/Applications/STM32CubeIDE.app/Contents/Eclipse/plugins/com.st.stm32cube.ide.mcu.externaltools.gnu-tools-for-stm32.13.3.rel1.macos64_1.0.0.202411102158/tools/bin/../lib/gcc/arm-none-eabi/13.3.1/../../../../arm-none-eabi/lib/thumb/v7e-m+fp/hard/libc_nano.a(libc_a-memset.o)
                              /Applications/STM32CubeIDE.app/Contents/Eclipse/plugins/com.st.stm32cube.ide.mcu.externaltools.gnu-tools-for-stm32.13.3.rel1.macos64_1.0.0.202411102158/tools/bin/../lib/gcc/arm-none-eabi/13.3.1/../../../../arm-none-eabi/lib/thumb/v7e-m+fp/hard/crt0.o (memset)
/Applications/STM32CubeIDE.app/Contents/Eclipse/plugins/com.st.stm32cube.ide.mcu.externaltools.gnu-tools-for-stm32.13.3.rel1.macos64_1.0.0.202411102158/tools/bin/../lib/gcc/arm-none-eabi/13.3.1/../../../../arm-none-eabi/lib/thumb/v7e-m+fp/hard/libc_nano.a(libc_a-errno.o)
                              ./Core/Src/syscalls.o (__errno)
/Applications/STM32CubeIDE.app/Contents/Eclipse/plugins/com.st.stm32cube.ide.mcu.externaltools.gnu-tools-for-stm32.13.3.rel1.macos64_1.0.0.202411102158/tools/bin/../lib/gcc/arm-none-eabi/13.3.1/../../../../arm-none-eabi/lib/thumb/v7e-m+fp/hard/libc_nano.a(libc_a-init.o)
                              /Applications/STM32CubeIDE.app/Contents/Eclipse/plugins/com.st.stm32cube.ide.mcu.externaltools.gnu-tools-for-stm32.13.3.rel1.macos64_1.0.0.202411102158/tools/bin/../lib/gcc/arm-none-eabi/13.3.1/../../../../arm-none-eabi/lib/thumb/v7e-m+fp/hard/crt0.o (__libc_init_array)
/Applications/STM32CubeIDE.app/Contents/Eclipse/plugins/com.st.stm32cube.ide.mcu.externaltools.gnu-tools-for-stm32.13.3.rel1.macos64_1.0.0.202411102158/tools/bin/../lib/gcc/arm-none-eabi/13.3.1/../../../../arm-none-eabi/lib/thumb/v7e-m+fp/hard/libc_nano.a(libc_a-lock.o)
                              /Applications/STM32CubeIDE.app/Contents/Eclipse/plugins/com.st.stm32cube.ide.mcu.externaltools.gnu-tools-for-stm32.13.3.rel1.macos64_1.0.0.202411102158/tools/bin/../lib/gcc/arm-none-eabi/13.3.1/../../../../arm-none-eabi/lib/thumb/v7e-m+fp/hard/libc_nano.a(libc_a-findfp.o) (__retarget_lock_init_recursive)
/Applications/STM32CubeIDE.app/Contents/Eclipse/plugins/com.st.stm32cube.ide.mcu.externaltools.gnu-tools-for-stm32.13.3.rel1.macos64_1.0.0.202411102158/tools/bin/../lib/gcc/arm-none-eabi/13.3.1/../../../../arm-none-eabi/lib/thumb/v7e-m+fp/hard/libc_nano.a(libc_a-impure.o)
                              /Applications/STM32CubeIDE.app/Contents/Eclipse/plugins/com.st.stm32cube.ide.mcu.externaltools.gnu-tools-for-stm32.13.3.rel1.macos64_1.0.0.202411102158/tools/bin/../lib/gcc/arm-none-eabi/13.3.1/../../../../arm-none-eabi/lib/thumb/v7e-m+fp/hard/libc_nano.a(libc_a-errno.o) (_impure_ptr)
/Applications/STM32CubeIDE.app/Contents/Eclipse/plugins/com.st.stm32cube.ide.mcu.externaltools.gnu-tools-for-stm32.13.3.rel1.macos64_1.0.0.202411102158/tools/bin/../lib/gcc/arm-none-eabi/13.3.1/../../../../arm-none-eabi/lib/thumb/v7e-m+fp/hard/libc_nano.a(libc_a-mallocr.o)
[...]
Memory Configuration

Name             Origin             Length             Attributes
CCMRAM           0x10000000         0x00010000         xrw
RAM              0x20000000         0x00020000         xrw
FLASH            0x08000000         0x00100000         xr
*default*        0x00000000         0xffffffff

Linker script and memory map

LOAD /Applications/STM32CubeIDE.app/Contents/Eclipse/plugins/com.st.stm32cube.ide.mcu.externaltools.gnu-tools-for-stm32.13.3.rel1.macos64_1.0.0.202411102158/tools/bin/../lib/gcc/arm-none-eabi/13.3.1/thumb/v7e-m+fp/hard/crti.o
LOAD /Applications/STM32CubeIDE.app/Contents/Eclipse/plugins/com.st.stm32cube.ide.mcu.externaltools.gnu-tools-for-stm32.13.3.rel1.macos64_1.0.0.202411102158/tools/bin/../lib/gcc/arm-none-eabi/13.3.1/thumb/v7e-m+fp/hard/crtbegin.o
LOAD /Applications/STM32CubeIDE.app/Contents/Eclipse/plugins/com.st.stm32cube.ide.mcu.externaltools.gnu-tools-for-stm32.13.3.rel1.macos64_1.0.0.202411102158/tools/bin/../lib/gcc/arm-none-eabi/13.3.1/../../../../arm-none-eabi/lib/thumb/v7e-m+fp/hard/crt0.o
LOAD ./Core/Src/CAN_receive.o
LOAD ./Core/Src/bsp_can.o
LOAD ./Core/Src/can.o
LOAD ./Core/Src/gpio.o
LOAD ./Core/Src/main.o
LOAD ./Core/Src/stm32f4xx_hal_msp.o
LOAD ./Core/Src/stm32f4xx_it.o
LOAD ./Core/Src/syscalls.o
LOAD ./Core/Src/sysmem.o
LOAD ./Core/Src/system_stm32f4xx.o
LOAD ./Core/Src/usart.o
LOAD ./Core/Startup/startup_stm32f407ighx.o
LOAD ./Drivers/STM32F4xx_HAL_Driver/Src/stm32f4xx_hal.o
LOAD ./Drivers/STM32F4xx_HAL_Driver/Src/stm32f4xx_hal_can.o
LOAD ./Drivers/STM32F4xx_HAL_Driver/Src/stm32f4xx_hal_cortex.o
LOAD ./Drivers/STM32F4xx_HAL_Driver/Src/stm32f4xx_hal_dma.o
LOAD ./Drivers/STM32F4xx_HAL_Driver/Src/stm32f4xx_hal_dma_ex.o
LOAD ./Drivers/STM32F4xx_HAL_Driver/Src/stm32f4xx_hal_exti.o
LOAD ./Drivers/STM32F4xx_HAL_Driver/Src/stm32f4xx_hal_flash.o
LOAD ./Drivers/STM32F4xx_HAL_Driver/Src/stm32f4xx_hal_flash_ex.o
LOAD ./Drivers/STM32F4xx_HAL_Driver/Src/stm32f4xx_hal_flash_ramfunc.o
LOAD ./Drivers/STM32F4xx_HAL_Driver/Src/stm32f4xx_hal_gpio.o
LOAD ./Drivers/STM32F4xx_HAL_Driver/Src/stm32f4xx_hal_pwr.o
LOAD ./Drivers/STM32F4xx_HAL_Driver/Src/stm32f4xx_hal_pwr_ex.o
LOAD ./Drivers/STM32F4xx_HAL_Driver/Src/stm32f4xx_hal_rcc.o
LOAD ./Drivers/STM32F4xx_HAL_Driver/Src/stm32f4xx_hal_rcc_ex.o
LOAD ./Drivers/STM32F4xx_HAL_Driver/Src/stm32f4xx_hal_uart.o
START GROUP
LOAD /Applications/STM32CubeIDE.app/Contents/Eclipse/plugins/com.st.stm32cube.ide.mcu.externaltools.gnu-tools-for-stm32.13.3.rel1.macos64_1.0.0.202411102158/tools/bin/../lib/gcc/arm-none-eabi/13.3.1/../../../../arm-none-eabi/lib/thumb/v7e-m+fp/hard/libc_nano.a
LOAD /Applications/STM32CubeIDE.app/Contents/Eclipse/plugins/com.st.stm32cube.ide.mcu.externaltools.gnu-tools-for-stm32.13.3.rel1.macos64_1.0.0.202411102158/tools/bin/../lib/gcc/arm-none-eabi/13.3.1/../../../../arm-none-eabi/lib/thumb/v7e-m+fp/hard/libm.a
END GROUP
START GROUP
LOAD /Applications/STM32CubeIDE.app/Contents/Eclipse/plugins/com.st.stm32cube.ide.mcu.externaltools.gnu-tools-for-stm32.13.3.rel1.macos64_1.0.0.202411102158/tools/bin/../lib/gcc/arm-none-eabi/13.3.1/thumb/v7e-m+fp/hard/libgcc.a
LOAD /Applications/STM32CubeIDE.app/Contents/Eclipse/plugins/com.st.stm32cube.ide.mcu.externaltools.gnu-tools-for-stm32.13.3.rel1.macos64_1.0.0.202411102158/tools/bin/../lib/gcc/arm-none-eabi/13.3.1/../../../../arm-none-eabi/lib/thumb/v7e-m+fp/hard/libc_nano.a
END GROUP
START GROUP
LOAD /Applications/STM32CubeIDE.app/Contents/Eclipse/plugins/com.st.stm32cube.ide.mcu.externaltools.gnu-tools-for-stm32.13.3.rel1.macos64_1.0.0.202411102158/tools/bin/../lib/gcc/arm-none-eabi/13.3.1/thumb/v7e-m+fp/hard/libgcc.a
LOAD /Applications/STM32CubeIDE.app/Contents/Eclipse/plugins/com.st.stm32cube.ide.mcu.externaltools.gnu-tools-for-stm32.13.3.rel1.macos64_1.0.0.202411102158/tools/bin/../lib/gcc/arm-none-eabi/13.3.1/../../../../arm-none-eabi/lib/thumb/v7e-m+fp/hard/libc_nano.a
LOAD /Applications/STM32CubeIDE.app/Contents/Eclipse/plugins/com.st.stm32cube.ide.mcu.externaltools.gnu-tools-for-stm32.13.3.rel1.macos64_1.0.0.202411102158/tools/bin/../lib/gcc/arm-none-eabi/13.3.1/../../../../arm-none-eabi/lib/thumb/v7e-m+fp/hard/libnosys.a
END GROUP
START GROUP
LOAD /Applications/STM32CubeIDE.app/Contents/Eclipse/plugins/com.st.stm32cube.ide.mcu.externaltools.gnu-tools-for-stm32.13.3.rel1.macos64_1.0.0.202411102158/tools/bin/../lib/gcc/arm-none-eabi/13.3.1/thumb/v7e-m+fp/hard/libgcc.a
LOAD /Applications/STM32CubeIDE.app/Contents/Eclipse/plugins/com.st.stm32cube.ide.mcu.externaltools.gnu-tools-for-stm32.13.3.rel1.macos64_1.0.0.202411102158/tools/bin/../lib/gcc/arm-none-eabi/13.3.1/../../../../arm-none-eabi/lib/thumb/v7e-m+fp/hard/libc_nano.a
LOAD /Applications/STM32CubeIDE.app/Contents/Eclipse/plugins/com.st.stm32cube.ide.mcu.externaltools.gnu-tools-for-stm32.13.3.rel1.macos64_1.0.0.202411102158/tools/bin/../lib/gcc/arm-none-eabi/13.3.1/../../../../arm-none-eabi/lib/thumb/v7e-m+fp/hard/libnosys.a
END GROUP
LOAD /Applications/STM32CubeIDE.app/Contents/Eclipse/plugins/com.st.stm32cube.ide.mcu.externaltools.gnu-tools-for-stm32.13.3.rel1.macos64_1.0.0.202411102158/tools/bin/../lib/gcc/arm-none-eabi/13.3.1/thumb/v7e-m+fp/hard/crtend.o
LOAD /Applications/STM32CubeIDE.app/Contents/Eclipse/plugins/com.st.stm32cube.ide.mcu.externaltools.gnu-tools-for-stm32.13.3.rel1.macos64_1.0.0.202411102158/tools/bin/../lib/gcc/arm-none-eabi/13.3.1/thumb/v7e-m+fp/hard/crtn.o
                0x20020000                        _estack = (ORIGIN (RAM) + LENGTH (RAM))
                0x00000200                        _Min_Heap_Size = 0x200
                0x00000400                        _Min_Stack_Size = 0x400

.isr_vector     0x08000000      0x188
                0x08000000                        . = ALIGN (0x4)
 *(.isr_vector)
 .isr_vector    0x08000000      0x188 ./Core/Startup/startup_stm32f407ighx.o
                0x08000000                g_pfnVectors
                0x08000188                        . = ALIGN (0x4)

.text           0x08000188     0x2de4
                0x08000188                        . = ALIGN (0x4)
 *(.text)
 .text          0x08000188       0x40 /Applications/STM32CubeIDE.app/Contents/Eclipse/plugins/com.st.stm32cube.ide.mcu.externaltools.gnu-tools-for-stm32.13.3.rel1.macos64_1.0.0.202411102158/tools/bin/../lib/gcc/arm-none-eabi/13.3.1/thumb/v7e-m+fp/hard/crtbegin.o
 .text          0x080001c8       0x30 /Applications/STM32CubeIDE.app/Contents/Eclipse/plugins/com.st.stm32cube.ide.mcu.externaltools.gnu-tools-for-stm32.13.3.rel1.macos64_1.0.0.202411102158/tools/bin/../lib/gcc/arm-none-eabi/13.3.1/thumb/v7e-m+fp/hard/libgcc.a(_aeabi_uldivmod.o)
                0x080001c8                __aeabi_uldivmod
 .text          0x080001f8      0x2f8 /Applications/STM32CubeIDE.app/Contents/Eclipse/plugins/com.st.stm32cube.ide.mcu.externaltools.gnu-tools-for-stm32.13.3.rel1.macos64_1.0.0.202411102158/tools/bin/../lib/gcc/arm-none-eabi/13.3.1/thumb/v7e-m+fp/hard/libgcc.a(_udivmoddi4.o)
                0x080001f8                __udivmoddi4
 .text          0x080004f0        0x4 /Applications/STM32CubeIDE.app/Contents/Eclipse/plugins/com.st.stm32cube.ide.mcu.externaltools.gnu-tools-for-stm32.13.3.rel1.macos64_1.0.0.202411102158/tools/bin/../lib/gcc/arm-none-eabi/13.3.1/thumb/v7e-m+fp/hard/libgcc.a(_dvmd_tls.o)
                0x080004f0                __aeabi_ldiv0
                0x080004f0                __aeabi_idiv0
 *(.text*)
 .text.HAL_CAN_RxFifo0MsgPendingCallback
                0x080004f4      0x110 ./Core/Src/CAN_receive.o
                0x080004f4                HAL_CAN_RxFifo0MsgPendingCallback
 .text.CAN_cmd_gimbal
                0x08000604       0xb4 ./Core/Src/CAN_receive.o
                0x08000604                CAN_cmd_gimbal
 .text.can_filter_init
                0x080006b8       0x74 ./Core/Src/bsp_can.o
                0x080006b8                can_filter_init
 .text.MX_CAN1_Init
                0x0800072c       0x6c ./Core/Src/can.o
                0x0800072c                MX_CAN1_Init
 .text.MX_CAN2_Init
                0x08000798       0x6c ./Core/Src/can.o
                0x08000798                MX_CAN2_Init
 .text.HAL_CAN_MspInit
                0x08000804      0x15c ./Core/Src/can.o
                0x08000804                HAL_CAN_MspInit
 .text.MX_GPIO_Init
                0x08000960       0x6c ./Core/Src/gpio.o
                0x08000960                MX_GPIO_Init
 .text.main     0x080009cc       0x4e ./Core/Src/main.o
                0x080009cc                main
 *fill*         0x08000a1a        0x2 
 .text.SystemClock_Config
                0x08000a1c       0xd4 ./Core/Src/main.o
                0x08000a1c                SystemClock_Config
 .text.Error_Handler
                0x08000af0        0xc ./Core/Src/main.o
                0x08000af0                Error_Handler
 .text.HAL_MspInit
                0x08000afc       0x50 ./Core/Src/stm32f4xx_hal_msp.o
                0x08000afc                HAL_MspInit
 .text.NMI_Handler
                0x08000b4c        0x8 ./Core/Src/stm32f4xx_it.o
                0x08000b4c                NMI_Handler
 .text.HardFault_Handler
                0x08000b54        0x8 ./Core/Src/stm32f4xx_it.o
                0x08000b54                HardFault_Handler
 .text.MemManage_Handler
                0x08000b5c        0x8 ./Core/Src/stm32f4xx_it.o
                0x08000b5c                MemManage_Handler
 .text.BusFault_Handler
                0x08000b64        0x8 ./Core/Src/stm32f4xx_it.o
                0x08000b64                BusFault_Handler
 .text.UsageFault_Handler
                0x08000b6c        0x8 ./Core/Src/stm32f4xx_it.o
                0x08000b6c                UsageFault_Handler
 .text.SVC_Handler
                0x08000b74        0xe ./Core/Src/stm32f4xx_it.o
                0x08000b74                SVC_Handler
 .text.DebugMon_Handler
                0x08000b82        0xe ./Core/Src/stm32f4xx_it.o
                0x08000b82                DebugMon_Handler
 .text.PendSV_Handler
                0x08000b90        0xe ./Core/Src/stm32f4xx_it.o
                0x08000b90                PendSV_Handler
 .text.SysTick_Handler
                0x08000b9e        0xc ./Core/Src/stm32f4xx_it.o
                0x08000b9e                SysTick_Handler
 *fill*         0x08000baa        0x2 
 .text.CAN1_RX0_IRQHandler
                0x08000bac       0x14 ./Core/Src/stm32f4xx_it.o
                0x08000bac                CAN1_RX0_IRQHandler
 .text.CAN2_RX0_IRQHandler
                0x08000bc0       0x14 ./Core/Src/stm32f4xx_it.o
                0x08000bc0                CAN2_RX0_IRQHandler
 .text.SystemInit
                0x08000bd4       0x24 ./Core/Src/system_stm32f4xx.o
                0x08000bd4                SystemInit
 .text.MX_USART1_UART_Init
                0x08000bf8       0x54 ./Core/Src/usart.o
                0x08000bf8                MX_USART1_UART_Init
 .text.HAL_UART_MspInit
                0x08000c4c       0xd0 ./Core/Src/usart.o
                0x08000c4c                HAL_UART_MspInit
 .text.Reset_Handler
                0x08000d1c       0x50 ./Core/Startup/startup_stm32f407ighx.o
                0x08000d1c                Reset_Handler
 .text.Default_Handler
                0x08000d6c        0x2 ./Core/Startup/startup_stm32f407ighx.o
                0x08000d6c                DMA1_Stream3_IRQHandler
                0x08000d6c                HASH_RNG_IRQHandler
                0x08000d6c                EXTI2_IRQHandler
                0x08000d6c                TIM8_CC_IRQHandler
                0x08000d6c                TIM1_CC_IRQHandler
                0x08000d6c                DMA2_Stream5_IRQHandler
                0x08000d6c                DMA1_Stream5_IRQHandler
                0x08000d6c                PVD_IRQHandler
                0x08000d6c                SDIO_IRQHandler
                0x08000d6c                TAMP_STAMP_IRQHandler
                0x08000d6c                CAN2_RX1_IRQHandler
                0x08000d6c                EXTI3_IRQHandler
                0x08000d6c                TIM8_TRG_COM_TIM14_IRQHandler
                0x08000d6c                TIM1_UP_TIM10_IRQHandler
                0x08000d6c                TIM8_UP_TIM13_IRQHandler
                0x08000d6c                I2C3_ER_IRQHandler
                0x08000d6c                EXTI0_IRQHandler
                0x08000d6c                I2C2_EV_IRQHandler
                0x08000d6c                DMA1_Stream2_IRQHandler
                0x08000d6c                FPU_IRQHandler
                0x08000d6c                OTG_HS_WKUP_IRQHandler
                0x08000d6c                CAN2_SCE_IRQHandler
                0x08000d6c                DMA2_Stream2_IRQHandler
                0x08000d6c                SPI1_IRQHandler
                0x08000d6c                TIM6_DAC_IRQHandler
                0x08000d6c                TIM1_BRK_TIM9_IRQHandler
                0x08000d6c                DCMI_IRQHandler
                0x08000d6c                DMA2_Stream3_IRQHandler
                0x08000d6c                USART6_IRQHandler
                0x08000d6c                USART3_IRQHandler
                0x08000d6c                CAN1_RX1_IRQHandler
                0x08000d6c                UART5_IRQHandler
                0x08000d6c                DMA2_Stream0_IRQHandler
                0x08000d6c                TIM4_IRQHandler
                0x08000d6c                I2C1_EV_IRQHandler
                0x08000d6c                DMA1_Stream6_IRQHandler
                0x08000d6c                DMA1_Stream1_IRQHandler
                0x08000d6c                UART4_IRQHandler
                0x08000d6c                TIM3_IRQHandler
                0x08000d6c                RCC_IRQHandler
                0x08000d6c                TIM8_BRK_TIM12_IRQHandler
                0x08000d6c                Default_Handler
                0x08000d6c                EXTI15_10_IRQHandler
                0x08000d6c                ADC_IRQHandler
                0x08000d6c                DMA1_Stream7_IRQHandler
                0x08000d6c                TIM7_IRQHandler
                0x08000d6c                CAN2_TX_IRQHandler
                0x08000d6c                TIM5_IRQHandler
                0x08000d6c                DMA2_Stream7_IRQHandler
                0x08000d6c                I2C3_EV_IRQHandler
                0x08000d6c                EXTI9_5_IRQHandler
                0x08000d6c                RTC_WKUP_IRQHandler
                0x08000d6c                ETH_WKUP_IRQHandler
                0x08000d6c                SPI2_IRQHandler
                0x08000d6c                OTG_HS_EP1_IN_IRQHandler
                0x08000d6c                DMA1_Stream0_IRQHandler
                0x08000d6c                CAN1_TX_IRQHandler
                0x08000d6c                EXTI4_IRQHandler
                0x08000d6c                FSMC_IRQHandler
                0x08000d6c                ETH_IRQHandler
                0x08000d6c                OTG_HS_EP1_OUT_IRQHandler
                0x08000d6c                WWDG_IRQHandler
                0x08000d6c                TIM2_IRQHandler
                0x08000d6c                OTG_FS_WKUP_IRQHandler
                0x08000d6c                TIM1_TRG_COM_TIM11_IRQHandler
                0x08000d6c                OTG_HS_IRQHandler
                0x08000d6c                EXTI1_IRQHandler
                0x08000d6c                USART2_IRQHandler
                0x08000d6c                I2C2_ER_IRQHandler
                0x08000d6c                DMA2_Stream1_IRQHandler
                0x08000d6c                CAN1_SCE_IRQHandler
                0x08000d6c                FLASH_IRQHandler
                0x08000d6c                DMA2_Stream4_IRQHandler
                0x08000d6c                USART1_IRQHandler
                0x08000d6c                OTG_FS_IRQHandler
                0x08000d6c                SPI3_IRQHandler
                0x08000d6c                DMA1_Stream4_IRQHandler
                0x08000d6c                I2C1_ER_IRQHandler
                0x08000d6c                DMA2_Stream6_IRQHandler
                0x08000d6c                RTC_Alarm_IRQHandler
 *fill*         0x08000d6e        0x2 
 .text.HAL_Init
                0x08000d70       0x44 ./Drivers/STM32F4xx_HAL_Driver/Src/stm32f4xx_hal.o
                0x08000d70                HAL_Init
 .text.HAL_InitTick
                0x08000db4       0x60 ./Drivers/STM32F4xx_HAL_Driver/Src/stm32f4xx_hal.o
                0x08000db4                HAL_InitTick
 .text.HAL_IncTick
                0x08000e14       0x28 ./Drivers/STM32F4xx_HAL_Driver/Src/stm32f4xx_hal.o
                0x08000e14                HAL_IncTick
 .text.HAL_GetTick
                0x08000e3c       0x18 ./Drivers/STM32F4xx_HAL_Driver/Src/stm32f4xx_hal.o
                0x08000e3c                HAL_GetTick
 .text.HAL_Delay
                0x08000e54       0x48 ./Drivers/STM32F4xx_HAL_Driver/Src/stm32f4xx_hal.o
                0x08000e54                HAL_Delay
 .text.HAL_CAN_Init
                0x08000e9c      0x1f6 ./Drivers/STM32F4xx_HAL_Driver/Src/stm32f4xx_hal_can.o
                0x08000e9c                HAL_CAN_Init
 *fill*         0x08001092        0x2 
 .text.HAL_CAN_ConfigFilter
                0x08001094      0x1bc ./Drivers/STM32F4xx_HAL_Driver/Src/stm32f4xx_hal_can.o
                0x08001094                HAL_CAN_ConfigFilter
 .text.HAL_CAN_Start
                0x08001250       0x88 ./Drivers/STM32F4xx_HAL_Driver/Src/stm32f4xx_hal_can.o
                0x08001250                HAL_CAN_Start
 .text.HAL_CAN_AddTxMessage
                0x080012d8      0x1a0 ./Drivers/STM32F4xx_HAL_Driver/Src/stm32f4xx_hal_can.o
                0x080012d8                HAL_CAN_AddTxMessage
 .text.HAL_CAN_GetRxMessage
                0x08001478      0x244 ./Drivers/STM32F4xx_HAL_Driver/Src/stm32f4xx_hal_can.o
                0x08001478                HAL_CAN_GetRxMessage
 .text.HAL_CAN_ActivateNotification
                0x080016bc       0x4c ./Drivers/STM32F4xx_HAL_Driver/Src/stm32f4xx_hal_can.o
                0x080016bc                HAL_CAN_ActivateNotification
 .text.HAL_CAN_IRQHandler
                0x08001708      0x36e ./Drivers/STM32F4xx_HAL_Driver/Src/stm32f4xx_hal_can.o
                0x08001708                HAL_CAN_IRQHandler
 .text.HAL_CAN_TxMailbox0CompleteCallback
                0x08001a76       0x14 ./Drivers/STM32F4xx_HAL_Driver/Src/stm32f4xx_hal_can.o
                0x08001a76                HAL_CAN_TxMailbox0CompleteCallback
 .text.HAL_CAN_TxMailbox1CompleteCallback
                0x08001a8a       0x14 ./Drivers/STM32F4xx_HAL_Driver/Src/stm32f4xx_hal_can.o
                0x08001a8a                HAL_CAN_TxMailbox1CompleteCallback
 .text.HAL_CAN_TxMailbox2CompleteCallback
                0x08001a9e       0x14 ./Drivers/STM32F4xx_HAL_Driver/Src/stm32f4xx_hal_can.o
                0x08001a9e                HAL_CAN_TxMailbox2CompleteCallback
 .text.HAL_CAN_TxMailbox0AbortCallback
                0x08001ab2       0x14 ./Drivers/STM32F4xx_HAL_Driver/Src/stm32f4xx_hal_can.o
                0x08001ab2                HAL_CAN_TxMailbox0AbortCallback
 .text.HAL_CAN_TxMailbox1AbortCallback
                0x08001ac6       0x14 ./Drivers/STM32F4xx_HAL_Driver/Src/stm32f4xx_hal_can.o
                0x08001ac6                HAL_CAN_TxMailbox1AbortCallback
 .text.HAL_CAN_TxMailbox2AbortCallback
                0x08001ada       0x14 ./Drivers/STM32F4xx_HAL_Driver/Src/stm32f4xx_hal_can.o
                0x08001ada                HAL_CAN_TxMailbox2AbortCallback
 .text.HAL_CAN_RxFifo0FullCallback
                0x08001aee       0x14 ./Drivers/STM32F4xx_HAL_Driver/Src/stm32f4xx_hal_can.o
                0x08001aee                HAL_CAN_RxFifo0FullCallback
 .text.HAL_CAN_RxFifo1MsgPendingCallback
                0x08001b02       0x14 ./Drivers/STM32F4xx_HAL_Driver/Src/stm32f4xx_hal_can.o
                0x08001b02                HAL_CAN_RxFifo1MsgPendingCallback
 .text.HAL_CAN_RxFifo1FullCallback
                0x08001b16       0x14 ./Drivers/STM32F4xx_HAL_Driver/Src/stm32f4xx_hal_can.o
                0x08001b16                HAL_CAN_RxFifo1FullCallback
 .text.HAL_CAN_SleepCallback
                0x08001b2a       0x14 ./Drivers/STM32F4xx_HAL_Driver/Src/stm32f4xx_hal_can.o
                0x08001b2a                HAL_CAN_SleepCallback
 .text.HAL_CAN_WakeUpFromRxMsgCallback
                0x08001b3e       0x14 ./Drivers/STM32F4xx_HAL_Driver/Src/stm32f4xx_hal_can.o
                0x08001b3e                HAL_CAN_WakeUpFromRxMsgCallback
 .text.HAL_CAN_ErrorCallback
                0x08001b52       0x14 ./Drivers/STM32F4xx_HAL_Driver/Src/stm32f4xx_hal_can.o
                0x08001b52                HAL_CAN_ErrorCallback
 *fill*         0x08001b66        0x2 
 .text.__NVIC_SetPriorityGrouping
                0x08001b68       0x48 ./Drivers/STM32F4xx_HAL_Driver/Src/stm32f4xx_hal_cortex.o
 .text.__NVIC_GetPriorityGrouping
                0x08001bb0       0x1c ./Drivers/STM32F4xx_HAL_Driver/Src/stm32f4xx_hal_cortex.o
 .text.__NVIC_EnableIRQ
                0x08001bcc       0x3c ./Drivers/STM32F4xx_HAL_Driver/Src/stm32f4xx_hal_cortex.o
 .text.__NVIC_SetPriority
                0x08001c08       0x54 ./Drivers/STM32F4xx_HAL_Driver/Src/stm32f4xx_hal_cortex.o
 .text.NVIC_EncodePriority
                0x08001c5c       0x66 ./Drivers/STM32F4xx_HAL_Driver/Src/stm32f4xx_hal_cortex.o
 *fill*         0x08001cc2        0x2 
 .text.SysTick_Config
                0x08001cc4       0x44 ./Drivers/STM32F4xx_HAL_Driver/Src/stm32f4xx_hal_cortex.o
 .text.HAL_NVIC_SetPriorityGrouping
                0x08001d08       0x16 ./Drivers/STM32F4xx_HAL_Driver/Src/stm32f4xx_hal_cortex.o
                0x08001d08                HAL_NVIC_SetPriorityGrouping
 .text.HAL_NVIC_SetPriority
                0x08001d1e       0x38 ./Drivers/STM32F4xx_HAL_Driver/Src/stm32f4xx_hal_cortex.o
                0x08001d1e                HAL_NVIC_SetPriority
 .text.HAL_NVIC_EnableIRQ
                0x08001d56       0x1c ./Drivers/STM32F4xx_HAL_Driver/Src/stm32f4xx_hal_cortex.o
                0x08001d56                HAL_NVIC_EnableIRQ
 .text.HAL_SYSTICK_Config
                0x08001d72       0x18 ./Drivers/STM32F4xx_HAL_Driver/Src/stm32f4xx_hal_cortex.o
                0x08001d72                HAL_SYSTICK_Config
 *fill*         0x08001d8a        0x2 
 .text.HAL_GPIO_Init
                0x08001d8c      0x338 ./Drivers/STM32F4xx_HAL_Driver/Src/stm32f4xx_hal_gpio.o
                0x08001d8c                HAL_GPIO_Init
 .text.HAL_RCC_OscConfig
                0x080020c4      0x4f0 ./Drivers/STM32F4xx_HAL_Driver/Src/stm32f4xx_hal_rcc.o
                0x080020c4                HAL_RCC_OscConfig
 .text.HAL_RCC_ClockConfig
                0x080025b4      0x1cc ./Drivers/STM32F4xx_HAL_Driver/Src/stm32f4xx_hal_rcc.o
                0x080025b4                HAL_RCC_ClockConfig
 .text.HAL_RCC_GetSysClockFreq
                0x08002780      0x18c ./Drivers/STM32F4xx_HAL_Driver/Src/stm32f4xx_hal_rcc.o
                0x08002780                HAL_RCC_GetSysClockFreq
 .text.HAL_RCC_GetHCLKFreq
                0x0800290c       0x18 ./Drivers/STM32F4xx_HAL_Driver/Src/stm32f4xx_hal_rcc.o
                0x0800290c                HAL_RCC_GetHCLKFreq
 .text.HAL_RCC_GetPCLK1Freq
                0x08002924       0x28 ./Drivers/STM32F4xx_HAL_Driver/Src/stm32f4xx_hal_rcc.o
                0x08002924                HAL_RCC_GetPCLK1Freq
 .text.HAL_RCC_GetPCLK2Freq
                0x0800294c       0x28 ./Drivers/STM32F4xx_HAL_Driver/Src/stm32f4xx_hal_rcc.o
                0x0800294c                HAL_RCC_GetPCLK2Freq
 .text.HAL_UART_Init
                0x08002974       0xa0 ./Drivers/STM32F4xx_HAL_Driver/Src/stm32f4xx_hal_uart.o
                0x08002974                HAL_UART_Init
 .text.UART_SetConfig
                0x08002a14      0x4e8 ./Drivers/STM32F4xx_HAL_Driver/Src/stm32f4xx_hal_uart.o
 .text.memset   0x08002efc       0x10 /Applications/STM32CubeIDE.app/Contents/Eclipse/plugins/com.st.stm32cube.ide.mcu.externaltools.gnu-tools-for-stm32.13.3.rel1.macos64_1.0.0.202411102158/tools/bin/../lib/gcc/arm-none-eabi/13.3.1/../../../../arm-none-eabi/lib/thumb/v7e-m+fp/hard/libc_nano.a(libc_a-memset.o)
                0x08002efc                memset
 .text.__libc_init_array
                0x08002f0c       0x48 /Applications/STM32CubeIDE.app/Contents/Eclipse/plugins/com.st.stm32cube.ide.mcu.externaltools.gnu-tools-for-stm32.13.3.rel1.macos64_1.0.0.202411102158/tools/bin/../lib/gcc/arm-none-eabi/13.3.1/../../../../arm-none-eabi/lib/thumb/v7e-m+fp/hard/libc_nano.a(libc_a-init.o)
                0x08002f0c                __libc_init_array
 *(.glue_7)
 .glue_7        0x08002f54        0x0 linker stubs
 *(.glue_7t)
 .glue_7t       0x08002f54        0x0 linker stubs
 *(.eh_frame)
 .eh_frame      0x08002f54        0x0 /Applications/STM32CubeIDE.app/Contents/Eclipse/plugins/com.st.stm32cube.ide.mcu.externaltools.gnu-tools-for-stm32.13.3.rel1.macos64_1.0.0.202411102158/tools/bin/../lib/gcc/arm-none-eabi/13.3.1/thumb/v7e-m+fp/hard/crtbegin.o
 *(.init)
 .init          0x08002f54        0x4 /Applications/STM32CubeIDE.app/Contents/Eclipse/plugins/com.st.stm32cube.ide.mcu.externaltools.gnu-tools-for-stm32.13.3.rel1.macos64_1.0.0.202411102158/tools/bin/../lib/gcc/arm-none-eabi/13.3.1/thumb/v7e-m+fp/hard/crti.o
                0x08002f54                _init
 .init          0x08002f58        0x8 /Applications/STM32CubeIDE.app/Contents/Eclipse/plugins/com.st.stm32cube.ide.mcu.externaltools.gnu-tools-for-stm32.13.3.rel1.macos64_1.0.0.202411102158/tools/bin/../lib/gcc/arm-none-eabi/13.3.1/thumb/v7e-m+fp/hard/crtn.o
 *(.fini)
 .fini          0x08002f60        0x4 /Applications/STM32CubeIDE.app/Contents/Eclipse/plugins/com.st.stm32cube.ide.mcu.externaltools.gnu-tools-for-stm32.13.3.rel1.macos64_1.0.0.202411102158/tools/bin/../lib/gcc/arm-none-eabi/13.3.1/thumb/v7e-m+fp/hard/crti.o
                0x08002f60                _fini
 .fini          0x08002f64        0x8 /Applications/STM32CubeIDE.app/Contents/Eclipse/plugins/com.st.stm32cube.ide.mcu.externaltools.gnu-tools-for-stm32.13.3.rel1.macos64_1.0.0.202411102158/tools/bin/../lib/gcc/arm-none-eabi/13.3.1/thumb/v7e-m+fp/hard/crtn.o
                0x08002f6c                        . = ALIGN (0x4)
                0x08002f6c                        _etext = .

.vfp11_veneer   0x08002f6c        0x0
 .vfp11_veneer  0x08002f6c        0x0 linker stubs

.v4_bx          0x08002f6c        0x0
 .v4_bx         0x08002f6c        0x0 linker stubs

.iplt           0x08002f6c        0x0
 .iplt          0x08002f6c        0x0 /Applications/STM32CubeIDE.app/Contents/Eclipse/plugins/com.st.stm32cube.ide.mcu.externaltools.gnu-tools-for-stm32.13.3.rel1.macos64_1.0.0.202411102158/tools/bin/../lib/gcc/arm-none-eabi/13.3.1/thumb/v7e-m+fp/hard/crtbegin.o

.rodata         0x08002f6c       0x18
                0x08002f6c                        . = ALIGN (0x4)
 *(.rodata)
 *(.rodata*)
 .rodata.AHBPrescTable
                0x08002f6c       0x10 ./Core/Src/system_stm32f4xx.o
                0x08002f6c                AHBPrescTable
 .rodata.APBPrescTable
                0x08002f7c        0x8 ./Core/Src/system_stm32f4xx.o
                0x08002f7c                APBPrescTable
                0x08002f84                        . = ALIGN (0x4)

.ARM.extab      0x08002f84        0x0
                0x08002f84                        . = ALIGN (0x4)
 *(.ARM.extab* .gnu.linkonce.armextab.*)
                0x08002f84                        . = ALIGN (0x4)

.ARM            0x08002f84        0x8
                0x08002f84                        . = ALIGN (0x4)
                0x08002f84                        __exidx_start = .
 *(.ARM.exidx*)
 .ARM.exidx     0x08002f84        0x8 /Applications/STM32CubeIDE.app/Contents/Eclipse/plugins/com.st.stm32cube.ide.mcu.externaltools.gnu-tools-for-stm32.13.3.rel1.macos64_1.0.0.202411102158/tools/bin/../lib/gcc/arm-none-eabi/13.3.1/thumb/v7e-m+fp/hard/libgcc.a(_udivmoddi4.o)
                0x08002f8c                        __exidx_end = .
                0x08002f8c                        . = ALIGN (0x4)

.preinit_array  0x08002f8c        0x0
                0x08002f8c                        . = ALIGN (0x4)
                0x08002f8c                        PROVIDE (__preinit_array_start = .)
 *(.preinit_array*)
                0x08002f8c                        PROVIDE (__preinit_array_end = .)
                0x08002f8c                        . = ALIGN (0x4)

.init_array     0x08002f8c        0x4
                0x08002f8c                        . = ALIGN (0x4)
                0x08002f8c                        PROVIDE (__init_array_start = .)
 *(SORT_BY_NAME(.init_array.*))
 *(.init_array*)
 .init_array    0x08002f8c        0x4 /Applications/STM32CubeIDE.app/Contents/Eclipse/plugins/com.st.stm32cube.ide.mcu.externaltools.gnu-tools-for-stm32.13.3.rel1.macos64_1.0.0.202411102158/tools/bin/../lib/gcc/arm-none-eabi/13.3.1/thumb/v7e-m+fp/hard/crtbegin.o
                0x08002f90                        PROVIDE (__init_array_end = .)
                0x08002f90                        . = ALIGN (0x4)

.fini_array     0x08002f90        0x4
                0x08002f90                        . = ALIGN (0x4)
                [!provide]                        PROVIDE (__fini_array_start = .)
 *(SORT_BY_NAME(.fini_array.*))
 *(.fini_array*)
 .fini_array    0x08002f90        0x4 /Applications/STM32CubeIDE.app/Contents/Eclipse/plugins/com.st.stm32cube.ide.mcu.externaltools.gnu-tools-for-stm32.13.3.rel1.macos64_1.0.0.202411102158/tools/bin/../lib/gcc/arm-none-eabi/13.3.1/thumb/v7e-m+fp/hard/crtbegin.o
                [!provide]                        PROVIDE (__fini_array_end = .)
                0x08002f94                        . = ALIGN (0x4)
                0x08002f94                        _sidata = LOADADDR (.data)

.rel.dyn        0x08002f94        0x0
 .rel.iplt      0x08002f94        0x0 /Applications/STM32CubeIDE.app/Contents/Eclipse/plugins/com.st.stm32cube.ide.mcu.externaltools.gnu-tools-for-stm32.13.3.rel1.macos64_1.0.0.202411102158/tools/bin/../lib/gcc/arm-none-eabi/13.3.1/thumb/v7e-m+fp/hard/crtbegin.o

.data           0x20000000        0xc load address 0x08002f94
                0x20000000                        . = ALIGN (0x4)
                0x20000000                        _sdata = .
 *(.data)
 *(.data*)
 .data.SystemCoreClock
                0x20000000        0x4 ./Core/Src/system_stm32f4xx.o
                0x20000000                SystemCoreClock
 .data.uwTickPrio
                0x20000004        0x4 ./Drivers/STM32F4xx_HAL_Driver/Src/stm32f4xx_hal.o
                0x20000004                uwTickPrio
 .data.uwTickFreq
                0x20000008        0x1 ./Drivers/STM32F4xx_HAL_Driver/Src/stm32f4xx_hal.o
                0x20000008                uwTickFreq
 *(.RamFunc)
 *(.RamFunc*)
                0x2000000c                        . = ALIGN (0x4)
 *fill*         0x20000009        0x3 
                0x2000000c                        _edata = .
                0x08002fa0                        _siccmram = LOADADDR (.ccmram)

.igot.plt       0x2000000c        0x0 load address 0x08002fa0
 .igot.plt      0x2000000c        0x0 /Applications/STM32CubeIDE.app/Contents/Eclipse/plugins/com.st.stm32cube.ide.mcu.externaltools.gnu-tools-for-stm32.13.3.rel1.macos64_1.0.0.202411102158/tools/bin/../lib/gcc/arm-none-eabi/13.3.1/thumb/v7e-m+fp/hard/crtbegin.o

.ccmram         0x10000000        0x0 load address 0x08002fa0
                0x10000000                        . = ALIGN (0x4)
                0x10000000                        _sccmram = .
 *(.ccmram)
 *(.ccmram*)
                0x10000000                        . = ALIGN (0x4)
                0x10000000                        _eccmram = .
                0x10000000                        . = ALIGN (0x4)

.bss            0x2000000c      0x118
                0x2000000c                        _sbss = .
                0x2000000c                        __bss_start__ = _sbss
 *(.bss)
 .bss           0x2000000c       0x1c /Applications/STM32CubeIDE.app/Contents/Eclipse/plugins/com.st.stm32cube.ide.mcu.externaltools.gnu-tools-for-stm32.13.3.rel1.macos64_1.0.0.202411102158/tools/bin/../lib/gcc/arm-none-eabi/13.3.1/thumb/v7e-m+fp/hard/crtbegin.o
 *(.bss*)
 .bss.motor_arm
                0x20000028       0x3c ./Core/Src/CAN_receive.o
 .bss.gimbal_tx_message
                0x20000064       0x18 ./Core/Src/CAN_receive.o
 .bss.gimbal_can_send_data
                0x2000007c        0x8 ./Core/Src/CAN_receive.o
 .bss.hcan1     0x20000084       0x28 ./Core/Src/can.o
                0x20000084                hcan1
 .bss.hcan2     0x200000ac       0x28 ./Core/Src/can.o
                0x200000ac                hcan2
 .bss.HAL_RCC_CAN1_CLK_ENABLED
                0x200000d4        0x4 ./Core/Src/can.o
 .bss.huart1    0x200000d8       0x48 ./Core/Src/usart.o
                0x200000d8                huart1
 .bss.uwTick    0x20000120        0x4 ./Drivers/STM32F4xx_HAL_Driver/Src/stm32f4xx_hal.o
                0x20000120                uwTick
 *(COMMON)
                0x20000124                        . = ALIGN (0x4)
                0x20000124                        _ebss = .
                0x20000124                        __bss_end__ = _ebss

._user_heap_stack
                0x20000124      0x604
                0x20000128                        . = ALIGN (0x8)
 *fill*         0x20000124        0x4 
                [!provide]                        PROVIDE (end = .)
                0x20000128                        PROVIDE (_end = .)
                0x20000328                        . = (. + _Min_Heap_Size)
 *fill*         0x20000128      0x200 
                0x20000728                        . = (. + _Min_Stack_Size)
 *fill*         0x20000328      0x400 
                0x20000728                        . = ALIGN (0x8)

/DISCARD/
 libc.a(*)
 libm.a(*)
 libgcc.a(*)

.ARM.attributes
                0x00000000       0x30
 *(.ARM.attributes)
 .ARM.attributes
                0x00000000       0x22 /Applications/STM32CubeIDE.app/Contents/Eclipse/plugins/com.st.stm32cube.ide.mcu.externaltools.gnu-tools-for-stm32.13.3.rel1.macos64_1.0.0.202411102158/tools/bin/../lib/gcc/arm-none-eabi/13.3.1/thumb/v7e-m+fp/hard/crti.o
 .ARM.attributes
                0x00000022       0x34 /Applications/STM32CubeIDE.app/Contents/Eclipse/plugins/com.st.stm32cube.ide.mcu.externaltools.gnu-tools-for-stm32.13.3.rel1.macos64_1.0.0.202411102158/tools/bin/../lib/gcc/arm-none-eabi/13.3.1/thumb/v7e-m+fp/hard/crtbegin.o
 .ARM.attributes
                0x00000056       0x34 ./Core/Src/CAN_receive.o
 .ARM.attributes
                0x0000008a       0x34 ./Core/Src/bsp_can.o
 .ARM.attributes
                0x000000be       0x34 ./Core/Src/can.o
 .ARM.attributes
                0x000000f2       0x34 ./Core/Src/gpio.o
 .ARM.attributes
                0x00000126       0x34 ./Core/Src/main.o
 .ARM.attributes
                0x0000015a       0x34 ./Core/Src/stm32f4xx_hal_msp.o
 .ARM.attributes
                0x0000018e       0x34 ./Core/Src/stm32f4xx_it.o
 .ARM.attributes
                0x000001c2       0x34 ./Core/Src/system_stm32f4xx.o
 .ARM.attributes
                0x000001f6       0x34 ./Core/Src/usart.o
 .ARM.attributes
                0x0000022a       0x21 ./Core/Startup/startup_stm32f407ighx.o
 .ARM.attributes
                0x0000024b       0x34 ./Drivers/STM32F4xx_HAL_Driver/Src/stm32f4xx_hal.o
 .ARM.attributes
                0x0000027f       0x34 ./Drivers/STM32F4xx_HAL_Driver/Src/stm32f4xx_hal_can.o
 .ARM.attributes
                0x000002b3       0x34 ./Drivers/STM32F4xx_HAL_Driver/Src/stm32f4xx_hal_cortex.o
 .ARM.attributes
                0x000002e7       0x34 ./Drivers/STM32F4xx_HAL_Driver/Src/stm32f4xx_hal_gpio.o
 .ARM.attributes
                0x0000031b       0x34 ./Drivers/STM32F4xx_HAL_Driver/Src/stm32f4xx_hal_rcc.o
 .ARM.attributes
                0x0000034f       0x34 ./Drivers/STM32F4xx_HAL_Driver/Src/stm32f4xx_hal_uart.o
 .ARM.attributes
                0x00000383       0x34 /Applications/STM32CubeIDE.app/Contents/Eclipse/plugins/com.st.stm32cube.ide.mcu.externaltools.gnu-tools-for-stm32.13.3.rel1.macos64_1.0.0.202411102158/tools/bin/../lib/gcc/arm-none-eabi/13.3.1/../../../../arm-none-eabi/lib/thumb/v7e-m+fp/hard/libc_nano.a(libc_a-memset.o)
 .ARM.attributes
                0x000003b7       0x34 /Applications/STM32CubeIDE.app/Contents/Eclipse/plugins/com.st.stm32cube.ide.mcu.externaltools.gnu-tools-for-stm32.13.3.rel1.macos64_1.0.0.202411102158/tools/bin/../lib/gcc/arm-none-eabi/13.3.1/../../../../arm-none-eabi/lib/thumb/v7e-m+fp/hard/libc_nano.a(libc_a-init.o)
 .ARM.attributes
                0x000003eb       0x22 /Applications/STM32CubeIDE.app/Contents/Eclipse/plugins/com.st.stm32cube.ide.mcu.externaltools.gnu-tools-for-stm32.13.3.rel1.macos64_1.0.0.202411102158/tools/bin/../lib/gcc/arm-none-eabi/13.3.1/thumb/v7e-m+fp/hard/libgcc.a(_aeabi_uldivmod.o)
 .ARM.attributes
                0x0000040d       0x34 /Applications/STM32CubeIDE.app/Contents/Eclipse/plugins/com.st.stm32cube.ide.mcu.externaltools.gnu-tools-for-stm32.13.3.rel1.macos64_1.0.0.202411102158/tools/bin/../lib/gcc/arm-none-eabi/13.3.1/thumb/v7e-m+fp/hard/libgcc.a(_udivmoddi4.o)
 .ARM.attributes
                0x00000441       0x22 /Applications/STM32CubeIDE.app/Contents/Eclipse/plugins/com.st.stm32cube.ide.mcu.externaltools.gnu-tools-for-stm32.13.3.rel1.macos64_1.0.0.202411102158/tools/bin/../lib/gcc/arm-none-eabi/13.3.1/thumb/v7e-m+fp/hard/libgcc.a(_dvmd_tls.o)
 .ARM.attributes
                0x00000463       0x22 /Applications/STM32CubeIDE.app/Contents/Eclipse/plugins/com.st.stm32cube.ide.mcu.externaltools.gnu-tools-for-stm32.13.3.rel1.macos64_1.0.0.202411102158/tools/bin/../lib/gcc/arm-none-eabi/13.3.1/thumb/v7e-m+fp/hard/crtn.o
OUTPUT(Engineering_Custom_Controller_V2.elf elf32-littlearm)
LOAD linker stubs
LOAD /Applications/STM32CubeIDE.app/Contents/Eclipse/plugins/com.st.stm32cube.ide.mcu.externaltools.gnu-tools-for-stm32.13.3.rel1.macos64_1.0.0.202411102158/tools/bin/../lib/gcc/arm-none-eabi/13.3.1/../../../../arm-none-eabi/lib/thumb/v7e-m+fp/hard/libc.a
LOAD /Applications/STM32CubeIDE.app/Contents/Eclipse/plugins/com.st.stm32cube.ide.mcu.externaltools.gnu-tools-for-stm32.13.3.rel1.macos64_1.0.0.202411102158/tools/bin/../lib/gcc/arm-none-eabi/13.3.1/../../../../arm-none-eabi/lib/thumb/v7e-m+fp/hard/libm.a
LOAD /Applications/STM32CubeIDE.app/Contents/Eclipse/plugins/com.st.stm32cube.ide.mcu.externaltools.gnu-tools-for-stm32.13.3.rel1.macos64_1.0.0.202411102158/tools/bin/../lib/gcc/arm-none-eabi/13.3.1/thumb/v7e-m+fp/hard/libgcc.a

.debug_info     0x00000000     0x9c8b
 .debug_info    0x00000000      0x8c1 ./Core/Src/CAN_receive.o
 .debug_info    0x000008c1      0x59f ./Core/Src/bsp_can.o
 .debug_info    0x00000e60      0xb4e ./Core/Src/can.o
 .debug_info    0x000019ae      0x292 ./Core/Src/gpio.o
 .debug_info    0x00001c40      0x52f ./Core/Src/main.o
 .debug_info    0x0000216f      0x277 ./Core/Src/stm32f4xx_hal_msp.o
 .debug_info    0x000023e6      0x52e ./Core/Src/stm32f4xx_it.o
 .debug_info    0x00002914      0x512 ./Core/Src/system_stm32f4xx.o
 .debug_info    0x00002e26      0x947 ./Core/Src/usart.o
 .debug_info    0x0000376d       0x30 ./Core/Startup/startup_stm32f407ighx.o
 .debug_info    0x0000379d      0x944 ./Drivers/STM32F4xx_HAL_Driver/Src/stm32f4xx_hal.o
 .debug_info    0x000040e1      0xf49 ./Drivers/STM32F4xx_HAL_Driver/Src/stm32f4xx_hal_can.o
 .debug_info    0x0000502a      0xd8c ./Drivers/STM32F4xx_HAL_Driver/Src/stm32f4xx_hal_cortex.o
 .debug_info    0x00005db6      0x6c3 ./Drivers/STM32F4xx_HAL_Driver/Src/stm32f4xx_hal_gpio.o
 .debug_info    0x00006479      0x8c3 ./Drivers/STM32F4xx_HAL_Driver/Src/stm32f4xx_hal_rcc.o
 .debug_info    0x00006d3c     0x2f4f ./Drivers/STM32F4xx_HAL_Driver/Src/stm32f4xx_hal_uart.o

.debug_abbrev   0x00000000     0x1d41
 .debug_abbrev  0x00000000      0x215 ./Core/Src/CAN_receive.o
 .debug_abbrev  0x00000215      0x17c ./Core/Src/bsp_can.o
 .debug_abbrev  0x00000391      0x225 ./Core/Src/can.o
 .debug_abbrev  0x000005b6       0xd8 ./Core/Src/gpio.o
 .debug_abbrev  0x0000068e      0x1f2 ./Core/Src/main.o
 .debug_abbrev  0x00000880       0xd8 ./Core/Src/stm32f4xx_hal_msp.o
 .debug_abbrev  0x00000958      0x190 ./Core/Src/stm32f4xx_it.o
 .debug_abbrev  0x00000ae8      0x11a ./Core/Src/system_stm32f4xx.o
 .debug_abbrev  0x00000c02      0x1f9 ./Core/Src/usart.o
 .debug_abbrev  0x00000dfb       0x24 ./Core/Startup/startup_stm32f407ighx.o
 .debug_abbrev  0x00000e1f      0x214 ./Drivers/STM32F4xx_HAL_Driver/Src/stm32f4xx_hal.o
 .debug_abbrev  0x00001033      0x258 ./Drivers/STM32F4xx_HAL_Driver/Src/stm32f4xx_hal_can.o
 .debug_abbrev  0x0000128b      0x31d ./Drivers/STM32F4xx_HAL_Driver/Src/stm32f4xx_hal_cortex.o
 .debug_abbrev  0x000015a8      0x1d4 ./Drivers/STM32F4xx_HAL_Driver/Src/stm32f4xx_hal_gpio.o
 .debug_abbrev  0x0000177c      0x2b7 ./Drivers/STM32F4xx_HAL_Driver/Src/stm32f4xx_hal_rcc.o
 .debug_abbrev  0x00001a33      0x30e ./Drivers/STM32F4xx_HAL_Driver/Src/stm32f4xx_hal_uart.o

.debug_aranges  0x00000000      0x850
 .debug_aranges
                0x00000000       0x58 ./Core/Src/CAN_receive.o
 .debug_aranges
                0x00000058       0x20 ./Core/Src/bsp_can.o
 .debug_aranges
                0x00000078       0x38 ./Core/Src/can.o
 .debug_aranges
                0x000000b0       0x20 ./Core/Src/gpio.o
 .debug_aranges
                0x000000d0       0x30 ./Core/Src/main.o
 .debug_aranges
                0x00000100       0x20 ./Core/Src/stm32f4xx_hal_msp.o
 .debug_aranges
                0x00000120       0x70 ./Core/Src/stm32f4xx_it.o
 .debug_aranges
                0x00000190       0x28 ./Core/Src/system_stm32f4xx.o
 .debug_aranges
                0x000001b8       0x30 ./Core/Src/usart.o
 .debug_aranges
                0x000001e8       0x28 ./Core/Startup/startup_stm32f407ighx.o
 .debug_aranges
                0x00000210       0xf0 ./Drivers/STM32F4xx_HAL_Driver/Src/stm32f4xx_hal.o
 .debug_aranges
                0x00000300      0x138 ./Drivers/STM32F4xx_HAL_Driver/Src/stm32f4xx_hal_can.o
 .debug_aranges
                0x00000438      0x130 ./Drivers/STM32F4xx_HAL_Driver/Src/stm32f4xx_hal_cortex.o
 .debug_aranges
                0x00000568       0x58 ./Drivers/STM32F4xx_HAL_Driver/Src/stm32f4xx_hal_gpio.o
 .debug_aranges
                0x000005c0       0x88 ./Drivers/STM32F4xx_HAL_Driver/Src/stm32f4xx_hal_rcc.o
 .debug_aranges
                0x00000648      0x208 ./Drivers/STM32F4xx_HAL_Driver/Src/stm32f4xx_hal_uart.o

.debug_rnglists
                0x00000000      0x64f
 .debug_rnglists
                0x00000000       0x4f ./Core/Src/CAN_receive.o
 .debug_rnglists
                0x0000004f       0x13 ./Core/Src/bsp_can.o
 .debug_rnglists
                0x00000062       0x27 ./Core/Src/can.o
 .debug_rnglists
                0x00000089       0x13 ./Core/Src/gpio.o
 .debug_rnglists
                0x0000009c       0x20 ./Core/Src/main.o
 .debug_rnglists
                0x000000bc       0x13 ./Core/Src/stm32f4xx_hal_msp.o
 .debug_rnglists
                0x000000cf       0x4f ./Core/Src/stm32f4xx_it.o
 .debug_rnglists
                0x0000011e       0x1a ./Core/Src/system_stm32f4xx.o
 .debug_rnglists
                0x00000138       0x20 ./Core/Src/usart.o
 .debug_rnglists
                0x00000158       0x19 ./Core/Startup/startup_stm32f407ighx.o
 .debug_rnglists
                0x00000171       0xaf ./Drivers/STM32F4xx_HAL_Driver/Src/stm32f4xx_hal.o
 .debug_rnglists
                0x00000220       0xee ./Drivers/STM32F4xx_HAL_Driver/Src/stm32f4xx_hal_can.o
 .debug_rnglists
                0x0000030e       0xe0 ./Drivers/STM32F4xx_HAL_Driver/Src/stm32f4xx_hal_cortex.o
 .debug_rnglists
                0x000003ee       0x3f ./Drivers/STM32F4xx_HAL_Driver/Src/stm32f4xx_hal_gpio.o
 .debug_rnglists
                0x0000042d       0x66 ./Drivers/STM32F4xx_HAL_Driver/Src/stm32f4xx_hal_rcc.o
 .debug_rnglists
                0x00000493      0x1bc ./Drivers/STM32F4xx_HAL_Driver/Src/stm32f4xx_hal_uart.o

.debug_macro    0x00000000    0x203ac
 .debug_macro   0x00000000      0x209 ./Core/Src/CAN_receive.o
 .debug_macro   0x00000209      0xad8 ./Core/Src/CAN_receive.o
 .debug_macro   0x00000ce1       0x22 ./Core/Src/CAN_receive.o
 .debug_macro   0x00000d03       0x8e ./Core/Src/CAN_receive.o
 .debug_macro   0x00000d91       0x51 ./Core/Src/CAN_receive.o
 .debug_macro   0x00000de2      0x103 ./Core/Src/CAN_receive.o
 .debug_macro   0x00000ee5       0x6a ./Core/Src/CAN_receive.o
 .debug_macro   0x00000f4f      0x1df ./Core/Src/CAN_receive.o
 .debug_macro   0x0000112e      0x29b ./Core/Src/CAN_receive.o
 .debug_macro   0x000013c9       0x2e ./Core/Src/CAN_receive.o
 .debug_macro   0x000013f7       0x2f ./Core/Src/CAN_receive.o
 .debug_macro   0x00001426       0x1c ./Core/Src/CAN_receive.o
 .debug_macro   0x00001442       0x22 ./Core/Src/CAN_receive.o
 .debug_macro   0x00001464       0xfb ./Core/Src/CAN_receive.o
 .debug_macro   0x0000155f     0x1011 ./Core/Src/CAN_receive.o
 .debug_macro   0x00002570      0x11f ./Core/Src/CAN_receive.o
 .debug_macro   0x0000268f    0x15ea5 ./Core/Src/CAN_receive.o
 .debug_macro   0x00018534       0x6d ./Core/Src/CAN_receive.o
 .debug_macro   0x000185a1     0x3693 ./Core/Src/CAN_receive.o
 .debug_macro   0x0001bc34      0x190 ./Core/Src/CAN_receive.o
 .debug_macro   0x0001bdc4       0x5c ./Core/Src/CAN_receive.o
 .debug_macro   0x0001be20      0x980 ./Core/Src/CAN_receive.o
 .debug_macro   0x0001c7a0      0x9e9 ./Core/Src/CAN_receive.o
 .debug_macro   0x0001d189      0x115 ./Core/Src/CAN_receive.o
 .debug_macro   0x0001d29e      0x13e ./Core/Src/CAN_receive.o
 .debug_macro   0x0001d3dc       0xa5 ./Core/Src/CAN_receive.o
 .debug_macro   0x0001d481      0x174 ./Core/Src/CAN_receive.o
 .debug_macro   0x0001d5f5      0x287 ./Core/Src/CAN_receive.o
 .debug_macro   0x0001d87c       0x5f ./Core/Src/CAN_receive.o
 .debug_macro   0x0001d8db      0x236 ./Core/Src/CAN_receive.o
 .debug_macro   0x0001db11      0x40f ./Core/Src/CAN_receive.o
 .debug_macro   0x0001df20      0x12c ./Core/Src/CAN_receive.o
 .debug_macro   0x0001e04c      0x21e ./Core/Src/CAN_receive.o
 .debug_macro   0x0001e26a       0x2e ./Core/Src/CAN_receive.o
 .debug_macro   0x0001e298      0x127 ./Core/Src/CAN_receive.o
 .debug_macro   0x0001e3bf       0x7e ./Core/Src/CAN_receive.o
 .debug_macro   0x0001e43d       0x89 ./Core/Src/CAN_receive.o
 .debug_macro   0x0001e4c6      0x2aa ./Core/Src/CAN_receive.o
 .debug_macro   0x0001e770      0x12d ./Core/Src/CAN_receive.o
 .debug_macro   0x0001e89d       0x10 ./Core/Src/CAN_receive.o
 .debug_macro   0x0001e8ad      0x1f9 ./Core/Src/bsp_can.o
 .debug_macro   0x0001eaa6      0x203 ./Core/Src/can.o
 .debug_macro   0x0001eca9      0x1ff ./Core/Src/gpio.o
 .debug_macro   0x0001eea8      0x21b ./Core/Src/main.o
 .debug_macro   0x0001f0c3      0x1f5 ./Core/Src/stm32f4xx_hal_msp.o
 .debug_macro   0x0001f2b8      0x1ff ./Core/Src/stm32f4xx_it.o
 .debug_macro   0x0001f4b7      0x1c4 ./Core/Src/system_stm32f4xx.o
 .debug_macro   0x0001f67b      0x1ff ./Core/Src/usart.o
 .debug_macro   0x0001f87a      0x224 ./Drivers/STM32F4xx_HAL_Driver/Src/stm32f4xx_hal.o
 .debug_macro   0x0001fa9e      0x1d3 ./Drivers/STM32F4xx_HAL_Driver/Src/stm32f4xx_hal_can.o
 .debug_macro   0x0001fc71      0x1c4 ./Drivers/STM32F4xx_HAL_Driver/Src/stm32f4xx_hal_cortex.o
 .debug_macro   0x0001fe35      0x1ca ./Drivers/STM32F4xx_HAL_Driver/Src/stm32f4xx_hal_gpio.o
 .debug_macro   0x0001ffff      0x1e8 ./Drivers/STM32F4xx_HAL_Driver/Src/stm32f4xx_hal_rcc.o
 .debug_macro   0x000201e7      0x1c5 ./Drivers/STM32F4xx_HAL_Driver/Src/stm32f4xx_hal_uart.o

.debug_line     0x00000000     0xa901
 .debug_line    0x00000000      0x80c ./Core/Src/CAN_receive.o
 .debug_line    0x0000080c      0x70e ./Core/Src/bsp_can.o
 .debug_line    0x00000f1a      0x810 ./Core/Src/can.o
 .debug_line    0x0000172a      0x6f1 ./Core/Src/gpio.o
 .debug_line    0x00001e1b      0x78f ./Core/Src/main.o
 .debug_line    0x000025aa      0x6f3 ./Core/Src/stm32f4xx_hal_msp.o
 .debug_line    0x00002c9d      0x7d2 ./Core/Src/stm32f4xx_it.o
 .debug_line    0x0000346f      0x737 ./Core/Src/system_stm32f4xx.o
 .debug_line    0x00003ba6      0x773 ./Core/Src/usart.o
 .debug_line    0x00004319       0x7a ./Core/Startup/startup_stm32f407ighx.o
 .debug_line    0x00004393      0x9b3 ./Drivers/STM32F4xx_HAL_Driver/Src/stm32f4xx_hal.o
 .debug_line    0x00004d46     0x1172 ./Drivers/STM32F4xx_HAL_Driver/Src/stm32f4xx_hal_can.o
 .debug_line    0x00005eb8      0xc83 ./Drivers/STM32F4xx_HAL_Driver/Src/stm32f4xx_hal_cortex.o
 .debug_line    0x00006b3b      0xb0b ./Drivers/STM32F4xx_HAL_Driver/Src/stm32f4xx_hal_gpio.o
 .debug_line    0x00007646      0xdc0 ./Drivers/STM32F4xx_HAL_Driver/Src/stm32f4xx_hal_rcc.o
 .debug_line    0x00008406     0x24fb ./Drivers/STM32F4xx_HAL_Driver/Src/stm32f4xx_hal_uart.o

.debug_str      0x00000000    0xc1b82
 .debug_str     0x00000000    0xc1b82 ./Core/Src/CAN_receive.o
                              0xbf66e (size before relaxing)
 .debug_str     0x000c1b82    0xbf35a ./Core/Src/bsp_can.o
 .debug_str     0x000c1b82    0xbf97b ./Core/Src/can.o
 .debug_str     0x000c1b82    0xbf0a2 ./Core/Src/gpio.o
 .debug_str     0x000c1b82    0xbf2ea ./Core/Src/main.o
 .debug_str     0x000c1b82    0xbf0a2 ./Core/Src/stm32f4xx_hal_msp.o
 .debug_str     0x000c1b82    0xbf309 ./Core/Src/stm32f4xx_it.o
 .debug_str     0x000c1b82    0xbf0f6 ./Core/Src/system_stm32f4xx.o
 .debug_str     0x000c1b82    0xbf62a ./Core/Src/usart.o
 .debug_str     0x000c1b82       0x97 ./Core/Startup/startup_stm32f407ighx.o
 .debug_str     0x000c1b82    0xbfc7a ./Drivers/STM32F4xx_HAL_Driver/Src/stm32f4xx_hal.o
 .debug_str     0x000c1b82    0xbf7f0 ./Drivers/STM32F4xx_HAL_Driver/Src/stm32f4xx_hal_can.o
 .debug_str     0x000c1b82    0xbf9f6 ./Drivers/STM32F4xx_HAL_Driver/Src/stm32f4xx_hal_cortex.o
 .debug_str     0x000c1b82    0xbf271 ./Drivers/STM32F4xx_HAL_Driver/Src/stm32f4xx_hal_gpio.o
 .debug_str     0x000c1b82    0xbf52a ./Drivers/STM32F4xx_HAL_Driver/Src/stm32f4xx_hal_rcc.o
 .debug_str     0x000c1b82    0xbfb0b ./Drivers/STM32F4xx_HAL_Driver/Src/stm32f4xx_hal_uart.o

.comment        0x00000000       0x43
 .comment       0x00000000       0x43 ./Core/Src/CAN_receive.o
                                 0x44 (size before relaxing)
 .comment       0x00000043       0x44 ./Core/Src/bsp_can.o
 .comment       0x00000043       0x44 ./Core/Src/can.o
 .comment       0x00000043       0x44 ./Core/Src/gpio.o
 .comment       0x00000043       0x44 ./Core/Src/main.o
 .comment       0x00000043       0x44 ./Core/Src/stm32f4xx_hal_msp.o
 .comment       0x00000043       0x44 ./Core/Src/stm32f4xx_it.o
 .comment       0x00000043       0x44 ./Core/Src/system_stm32f4xx.o
 .comment       0x00000043       0x44 ./Core/Src/usart.o
 .comment       0x00000043       0x44 ./Drivers/STM32F4xx_HAL_Driver/Src/stm32f4xx_hal.o
 .comment       0x00000043       0x44 ./Drivers/STM32F4xx_HAL_Driver/Src/stm32f4xx_hal_can.o
 .comment       0x00000043       0x44 ./Drivers/STM32F4xx_HAL_Driver/Src/stm32f4xx_hal_cortex.o
 .comment       0x00000043       0x44 ./Drivers/STM32F4xx_HAL_Driver/Src/stm32f4xx_hal_gpio.o
 .comment       0x00000043       0x44 ./Drivers/STM32F4xx_HAL_Driver/Src/stm32f4xx_hal_rcc.o
 .comment       0x00000043       0x44 ./Drivers/STM32F4xx_HAL_Driver/Src/stm32f4xx_hal_uart.o

.debug_frame    0x00000000     0x2030
 .debug_frame   0x00000000      0x130 ./Core/Src/CAN_receive.o
 .debug_frame   0x00000130       0x34 ./Core/Src/bsp_can.o
 .debug_frame   0x00000164       0x90 ./Core/Src/can.o
 .debug_frame   0x000001f4       0x38 ./Core/Src/gpio.o
 .debug_frame   0x0000022c       0x68 ./Core/Src/main.o
 .debug_frame   0x00000294       0x38 ./Core/Src/stm32f4xx_hal_msp.o
 .debug_frame   0x000002cc      0x13c ./Core/Src/stm32f4xx_it.o
 .debug_frame   0x00000408       0x58 ./Core/Src/system_stm32f4xx.o
 .debug_frame   0x00000460       0x74 ./Core/Src/usart.o
 .debug_frame   0x000004d4      0x374 ./Drivers/STM32F4xx_HAL_Driver/Src/stm32f4xx_hal.o
 .debug_frame   0x00000848      0x5a0 ./Drivers/STM32F4xx_HAL_Driver/Src/stm32f4xx_hal_can.o
 .debug_frame   0x00000de8      0x508 ./Drivers/STM32F4xx_HAL_Driver/Src/stm32f4xx_hal_cortex.o
 .debug_frame   0x000012f0      0x14c ./Drivers/STM32F4xx_HAL_Driver/Src/stm32f4xx_hal_gpio.o
 .debug_frame   0x0000143c      0x1f4 ./Drivers/STM32F4xx_HAL_Driver/Src/stm32f4xx_hal_rcc.o
 .debug_frame   0x00001630      0x954 ./Drivers/STM32F4xx_HAL_Driver/Src/stm32f4xx_hal_uart.o
 .debug_frame   0x00001f84       0x20 /Applications/STM32CubeIDE.app/Contents/Eclipse/plugins/com.st.stm32cube.ide.mcu.externaltools.gnu-tools-for-stm32.13.3.rel1.macos64_1.0.0.202411102158/tools/bin/../lib/gcc/arm-none-eabi/13.3.1/../../../../arm-none-eabi/lib/thumb/v7e-m+fp/hard/libc_nano.a(libc_a-memset.o)
 .debug_frame   0x00001fa4       0x2c /Applications/STM32CubeIDE.app/Contents/Eclipse/plugins/com.st.stm32cube.ide.mcu.externaltools.gnu-tools-for-stm32.13.3.rel1.macos64_1.0.0.202411102158/tools/bin/../lib/gcc/arm-none-eabi/13.3.1/../../../../arm-none-eabi/lib/thumb/v7e-m+fp/hard/libc_nano.a(libc_a-init.o)
 .debug_frame   0x00001fd0       0x2c /Applications/STM32CubeIDE.app/Contents/Eclipse/plugins/com.st.stm32cube.ide.mcu.externaltools.gnu-tools-for-stm32.13.3.rel1.macos64_1.0.0.202411102158/tools/bin/../lib/gcc/arm-none-eabi/13.3.1/thumb/v7e-m+fp/hard/libgcc.a(_aeabi_uldivmod.o)
 .debug_frame   0x00001ffc       0x34 /Applications/STM32CubeIDE.app/Contents/Eclipse/plugins/com.st.stm32cube.ide.mcu.externaltools.gnu-tools-for-stm32.13.3.rel1.macos64_1.0.0.202411102158/tools/bin/../lib/gcc/arm-none-eabi/13.3.1/thumb/v7e-m+fp/hard/libgcc.a(_udivmoddi4.o)

.debug_line_str
                0x00000000       0x7b
 .debug_line_str
                0x00000000       0x7b ./Core/Startup/startup_stm32f407ighx.o
