Archive member included to satisfy reference by file (symbol)

/Applications/STM32CubeIDE.app/Contents/Eclipse/plugins/com.st.stm32cube.ide.mcu.externaltools.gnu-tools-for-stm32.13.3.rel1.macos64_1.0.0.202411102158/tools/bin/../lib/gcc/arm-none-eabi/13.3.1/../../../../arm-none-eabi/lib/thumb/v7e-m+fp/hard/libc_nano.a(libc_a-exit.o)
                              /Applications/STM32CubeIDE.app/Contents/Eclipse/plugins/com.st.stm32cube.ide.mcu.externaltools.gnu-tools-for-stm32.13.3.rel1.macos64_1.0.0.202411102158/tools/bin/../lib/gcc/arm-none-eabi/13.3.1/../../../../arm-none-eabi/lib/thumb/v7e-m+fp/hard/crt0.o (exit)
/Applications/STM32CubeIDE.app/Contents/Eclipse/plugins/com.st.stm32cube.ide.mcu.externaltools.gnu-tools-for-stm32.13.3.rel1.macos64_1.0.0.202411102158/tools/bin/../lib/gcc/arm-none-eabi/13.3.1/../../../../arm-none-eabi/lib/thumb/v7e-m+fp/hard/libc_nano.a(libc_a-findfp.o)
                              /Applications/STM32CubeIDE.app/Contents/Eclipse/plugins/com.st.stm32cube.ide.mcu.externaltools.gnu-tools-for-stm32.13.3.rel1.macos64_1.0.0.202411102158/tools/bin/../lib/gcc/arm-none-eabi/13.3.1/../../../../arm-none-eabi/lib/thumb/v7e-m+fp/hard/libc_nano.a(libc_a-exit.o) (__stdio_exit_handler)
/Applications/STM32CubeIDE.app/Contents/Eclipse/plugins/com.st.stm32cube.ide.mcu.externaltools.gnu-tools-for-stm32.13.3.rel1.macos64_1.0.0.202411102158/tools/bin/../lib/gcc/arm-none-eabi/13.3.1/../../../../arm-none-eabi/lib/thumb/v7e-m+fp/hard/libc_nano.a(libc_a-fwalk.o)
                              /Applications/STM32CubeIDE.app/Contents/Eclipse/plugins/com.st.stm32cube.ide.mcu.externaltools.gnu-tools-for-stm32.13.3.rel1.macos64_1.0.0.202411102158/tools/bin/../lib/gcc/arm-none-eabi/13.3.1/../../../../arm-none-eabi/lib/thumb/v7e-m+fp/hard/libc_nano.a(libc_a-findfp.o) (_fwalk_sglue)
/Applications/STM32CubeIDE.app/Contents/Eclipse/plugins/com.st.stm32cube.ide.mcu.externaltools.gnu-tools-for-stm32.13.3.rel1.macos64_1.0.0.202411102158/tools/bin/../lib/gcc/arm-none-eabi/13.3.1/../../../../arm-none-eabi/lib/thumb/v7e-m+fp/hard/libc_nano.a(libc_a-memset.o)
                              /Applications/STM32CubeIDE.app/Contents/Eclipse/plugins/com.st.stm32cube.ide.mcu.externaltools.gnu-tools-for-stm32.13.3.rel1.macos64_1.0.0.202411102158/tools/bin/../lib/gcc/arm-none-eabi/13.3.1/../../../../arm-none-eabi/lib/thumb/v7e-m+fp/hard/crt0.o (memset)
/Applications/STM32CubeIDE.app/Contents/Eclipse/plugins/com.st.stm32cube.ide.mcu.externaltools.gnu-tools-for-stm32.13.3.rel1.macos64_1.0.0.202411102158/tools/bin/../lib/gcc/arm-none-eabi/13.3.1/../../../../arm-none-eabi/lib/thumb/v7e-m+fp/hard/libc_nano.a(libc_a-errno.o)
                              ./Core/Src/syscalls.o (__errno)
/Applications/STM32CubeIDE.app/Contents/Eclipse/plugins/com.st.stm32cube.ide.mcu.externaltools.gnu-tools-for-stm32.13.3.rel1.macos64_1.0.0.202411102158/tools/bin/../lib/gcc/arm-none-eabi/13.3.1/../../../../arm-none-eabi/lib/thumb/v7e-m+fp/hard/libc_nano.a(libc_a-init.o)
                              /Applications/STM32CubeIDE.app/Contents/Eclipse/plugins/com.st.stm32cube.ide.mcu.externaltools.gnu-tools-for-stm32.13.3.rel1.macos64_1.0.0.202411102158/tools/bin/../lib/gcc/arm-none-eabi/13.3.1/../../../../arm-none-eabi/lib/thumb/v7e-m+fp/hard/crt0.o (__libc_init_array)
/Applications/STM32CubeIDE.app/Contents/Eclipse/plugins/com.st.stm32cube.ide.mcu.externaltools.gnu-tools-for-stm32.13.3.rel1.macos64_1.0.0.202411102158/tools/bin/../lib/gcc/arm-none-eabi/13.3.1/../../../../arm-none-eabi/lib/thumb/v7e-m+fp/hard/libc_nano.a(libc_a-lock.o)
                              /Applications/STM32CubeIDE.app/Contents/Eclipse/plugins/com.st.stm32cube.ide.mcu.externaltools.gnu-tools-for-stm32.13.3.rel1.macos64_1.0.0.202411102158/tools/bin/../lib/gcc/arm-none-eabi/13.3.1/../../../../arm-none-eabi/lib/thumb/v7e-m+fp/hard/libc_nano.a(libc_a-findfp.o) (__retarget_lock_init_recursive)
/Applications/STM32CubeIDE.app/Contents/Eclipse/plugins/com.st.stm32cube.ide.mcu.externaltools.gnu-tools-for-stm32.13.3.rel1.macos64_1.0.0.202411102158/tools/bin/../lib/gcc/arm-none-eabi/13.3.1/../../../../arm-none-eabi/lib/thumb/v7e-m+fp/hard/libc_nano.a(libc_a-impure.o)
                              /Applications/STM32CubeIDE.app/Contents/Eclipse/plugins/com.st.stm32cube.ide.mcu.externaltools.gnu-tools-for-stm32.13.3.rel1.macos64_1.0.0.202411102158/tools/bin/../lib/gcc/arm-none-eabi/13.3.1/../../../../arm-none-eabi/lib/thumb/v7e-m+fp/hard/libc_nano.a(libc_a-errno.o) (_impure_ptr)
/Applications/STM32CubeIDE.app/Contents/Eclipse/plugins/com.st.stm32cube.ide.mcu.externaltools.gnu-tools-for-stm32.13.3.rel1.macos64_1.0.0.202411102158/tools/bin/../lib/gcc/arm-none-eabi/13.3.1/../../../../arm-none-eabi/lib/thumb/v7e-m+fp/hard/libc_nano.a(libc_a-mallocr.o)
[...]
Memory Configuration

Name             Origin             Length             Attributes
CCMRAM           0x10000000         0x00010000         xrw
RAM              0x20000000         0x00020000         xrw
FLASH            0x08000000         0x00100000         xr
*default*        0x00000000         0xffffffff

Linker script and memory map

LOAD /Applications/STM32CubeIDE.app/Contents/Eclipse/plugins/com.st.stm32cube.ide.mcu.externaltools.gnu-tools-for-stm32.13.3.rel1.macos64_1.0.0.202411102158/tools/bin/../lib/gcc/arm-none-eabi/13.3.1/thumb/v7e-m+fp/hard/crti.o
LOAD /Applications/STM32CubeIDE.app/Contents/Eclipse/plugins/com.st.stm32cube.ide.mcu.externaltools.gnu-tools-for-stm32.13.3.rel1.macos64_1.0.0.202411102158/tools/bin/../lib/gcc/arm-none-eabi/13.3.1/thumb/v7e-m+fp/hard/crtbegin.o
LOAD /Applications/STM32CubeIDE.app/Contents/Eclipse/plugins/com.st.stm32cube.ide.mcu.externaltools.gnu-tools-for-stm32.13.3.rel1.macos64_1.0.0.202411102158/tools/bin/../lib/gcc/arm-none-eabi/13.3.1/../../../../arm-none-eabi/lib/thumb/v7e-m+fp/hard/crt0.o
LOAD ./Core/Src/CAN_receive.o
LOAD ./Core/Src/bsp_can.o
LOAD ./Core/Src/can.o
LOAD ./Core/Src/gpio.o
LOAD ./Core/Src/main.o
LOAD ./Core/Src/stm32f4xx_hal_msp.o
LOAD ./Core/Src/stm32f4xx_it.o
LOAD ./Core/Src/syscalls.o
LOAD ./Core/Src/sysmem.o
LOAD ./Core/Src/system_stm32f4xx.o
LOAD ./Core/Src/usart.o
LOAD ./Core/Startup/startup_stm32f407ighx.o
LOAD ./Drivers/STM32F4xx_HAL_Driver/Src/stm32f4xx_hal.o
LOAD ./Drivers/STM32F4xx_HAL_Driver/Src/stm32f4xx_hal_can.o
LOAD ./Drivers/STM32F4xx_HAL_Driver/Src/stm32f4xx_hal_cortex.o
LOAD ./Drivers/STM32F4xx_HAL_Driver/Src/stm32f4xx_hal_dma.o
LOAD ./Drivers/STM32F4xx_HAL_Driver/Src/stm32f4xx_hal_dma_ex.o
LOAD ./Drivers/STM32F4xx_HAL_Driver/Src/stm32f4xx_hal_exti.o
LOAD ./Drivers/STM32F4xx_HAL_Driver/Src/stm32f4xx_hal_flash.o
LOAD ./Drivers/STM32F4xx_HAL_Driver/Src/stm32f4xx_hal_flash_ex.o
LOAD ./Drivers/STM32F4xx_HAL_Driver/Src/stm32f4xx_hal_flash_ramfunc.o
LOAD ./Drivers/STM32F4xx_HAL_Driver/Src/stm32f4xx_hal_gpio.o
LOAD ./Drivers/STM32F4xx_HAL_Driver/Src/stm32f4xx_hal_pwr.o
LOAD ./Drivers/STM32F4xx_HAL_Driver/Src/stm32f4xx_hal_pwr_ex.o
LOAD ./Drivers/STM32F4xx_HAL_Driver/Src/stm32f4xx_hal_rcc.o
LOAD ./Drivers/STM32F4xx_HAL_Driver/Src/stm32f4xx_hal_rcc_ex.o
LOAD ./Drivers/STM32F4xx_HAL_Driver/Src/stm32f4xx_hal_uart.o
START GROUP
LOAD /Applications/STM32CubeIDE.app/Contents/Eclipse/plugins/com.st.stm32cube.ide.mcu.externaltools.gnu-tools-for-stm32.13.3.rel1.macos64_1.0.0.202411102158/tools/bin/../lib/gcc/arm-none-eabi/13.3.1/../../../../arm-none-eabi/lib/thumb/v7e-m+fp/hard/libc_nano.a
LOAD /Applications/STM32CubeIDE.app/Contents/Eclipse/plugins/com.st.stm32cube.ide.mcu.externaltools.gnu-tools-for-stm32.13.3.rel1.macos64_1.0.0.202411102158/tools/bin/../lib/gcc/arm-none-eabi/13.3.1/../../../../arm-none-eabi/lib/thumb/v7e-m+fp/hard/libm.a
END GROUP
START GROUP
LOAD /Applications/STM32CubeIDE.app/Contents/Eclipse/plugins/com.st.stm32cube.ide.mcu.externaltools.gnu-tools-for-stm32.13.3.rel1.macos64_1.0.0.202411102158/tools/bin/../lib/gcc/arm-none-eabi/13.3.1/thumb/v7e-m+fp/hard/libgcc.a
LOAD /Applications/STM32CubeIDE.app/Contents/Eclipse/plugins/com.st.stm32cube.ide.mcu.externaltools.gnu-tools-for-stm32.13.3.rel1.macos64_1.0.0.202411102158/tools/bin/../lib/gcc/arm-none-eabi/13.3.1/../../../../arm-none-eabi/lib/thumb/v7e-m+fp/hard/libc_nano.a
END GROUP
START GROUP
LOAD /Applications/STM32CubeIDE.app/Contents/Eclipse/plugins/com.st.stm32cube.ide.mcu.externaltools.gnu-tools-for-stm32.13.3.rel1.macos64_1.0.0.202411102158/tools/bin/../lib/gcc/arm-none-eabi/13.3.1/thumb/v7e-m+fp/hard/libgcc.a
LOAD /Applications/STM32CubeIDE.app/Contents/Eclipse/plugins/com.st.stm32cube.ide.mcu.externaltools.gnu-tools-for-stm32.13.3.rel1.macos64_1.0.0.202411102158/tools/bin/../lib/gcc/arm-none-eabi/13.3.1/../../../../arm-none-eabi/lib/thumb/v7e-m+fp/hard/libc_nano.a
LOAD /Applications/STM32CubeIDE.app/Contents/Eclipse/plugins/com.st.stm32cube.ide.mcu.externaltools.gnu-tools-for-stm32.13.3.rel1.macos64_1.0.0.202411102158/tools/bin/../lib/gcc/arm-none-eabi/13.3.1/../../../../arm-none-eabi/lib/thumb/v7e-m+fp/hard/libnosys.a
END GROUP
START GROUP
LOAD /Applications/STM32CubeIDE.app/Contents/Eclipse/plugins/com.st.stm32cube.ide.mcu.externaltools.gnu-tools-for-stm32.13.3.rel1.macos64_1.0.0.202411102158/tools/bin/../lib/gcc/arm-none-eabi/13.3.1/thumb/v7e-m+fp/hard/libgcc.a
LOAD /Applications/STM32CubeIDE.app/Contents/Eclipse/plugins/com.st.stm32cube.ide.mcu.externaltools.gnu-tools-for-stm32.13.3.rel1.macos64_1.0.0.202411102158/tools/bin/../lib/gcc/arm-none-eabi/13.3.1/../../../../arm-none-eabi/lib/thumb/v7e-m+fp/hard/libc_nano.a
LOAD /Applications/STM32CubeIDE.app/Contents/Eclipse/plugins/com.st.stm32cube.ide.mcu.externaltools.gnu-tools-for-stm32.13.3.rel1.macos64_1.0.0.202411102158/tools/bin/../lib/gcc/arm-none-eabi/13.3.1/../../../../arm-none-eabi/lib/thumb/v7e-m+fp/hard/libnosys.a
END GROUP
LOAD /Applications/STM32CubeIDE.app/Contents/Eclipse/plugins/com.st.stm32cube.ide.mcu.externaltools.gnu-tools-for-stm32.13.3.rel1.macos64_1.0.0.202411102158/tools/bin/../lib/gcc/arm-none-eabi/13.3.1/thumb/v7e-m+fp/hard/crtend.o
LOAD /Applications/STM32CubeIDE.app/Contents/Eclipse/plugins/com.st.stm32cube.ide.mcu.externaltools.gnu-tools-for-stm32.13.3.rel1.macos64_1.0.0.202411102158/tools/bin/../lib/gcc/arm-none-eabi/13.3.1/thumb/v7e-m+fp/hard/crtn.o
                0x20020000                        _estack = (ORIGIN (RAM) + LENGTH (RAM))
                0x00000200                        _Min_Heap_Size = 0x200
                0x00000400                        _Min_Stack_Size = 0x400

.isr_vector     0x08000000      0x188
                0x08000000                        . = ALIGN (0x4)
 *(.isr_vector)
 .isr_vector    0x08000000      0x188 ./Core/Startup/startup_stm32f407ighx.o
                0x08000000                g_pfnVectors
                0x08000188                        . = ALIGN (0x4)

.text           0x08000188     0x2ea0
                0x08000188                        . = ALIGN (0x4)
 *(.text)
 .text          0x08000188       0x40 /Applications/STM32CubeIDE.app/Contents/Eclipse/plugins/com.st.stm32cube.ide.mcu.externaltools.gnu-tools-for-stm32.13.3.rel1.macos64_1.0.0.202411102158/tools/bin/../lib/gcc/arm-none-eabi/13.3.1/thumb/v7e-m+fp/hard/crtbegin.o
 .text          0x080001c8       0x30 /Applications/STM32CubeIDE.app/Contents/Eclipse/plugins/com.st.stm32cube.ide.mcu.externaltools.gnu-tools-for-stm32.13.3.rel1.macos64_1.0.0.202411102158/tools/bin/../lib/gcc/arm-none-eabi/13.3.1/thumb/v7e-m+fp/hard/libgcc.a(_aeabi_uldivmod.o)
                0x080001c8                __aeabi_uldivmod
 .text          0x080001f8      0x2f8 /Applications/STM32CubeIDE.app/Contents/Eclipse/plugins/com.st.stm32cube.ide.mcu.externaltools.gnu-tools-for-stm32.13.3.rel1.macos64_1.0.0.202411102158/tools/bin/../lib/gcc/arm-none-eabi/13.3.1/thumb/v7e-m+fp/hard/libgcc.a(_udivmoddi4.o)
                0x080001f8                __udivmoddi4
 .text          0x080004f0        0x4 /Applications/STM32CubeIDE.app/Contents/Eclipse/plugins/com.st.stm32cube.ide.mcu.externaltools.gnu-tools-for-stm32.13.3.rel1.macos64_1.0.0.202411102158/tools/bin/../lib/gcc/arm-none-eabi/13.3.1/thumb/v7e-m+fp/hard/libgcc.a(_dvmd_tls.o)
                0x080004f0                __aeabi_ldiv0
                0x080004f0                __aeabi_idiv0
 *(.text*)
 .text.HAL_CAN_RxFifo0MsgPendingCallback
                0x080004f4      0x110 ./Core/Src/CAN_receive.o
                0x080004f4                HAL_CAN_RxFifo0MsgPendingCallback
 .text.CAN_cmd_gimbal
                0x08000604       0xb4 ./Core/Src/CAN_receive.o
                0x08000604                CAN_cmd_gimbal
 .text.CAN_cmd_chassis
                0x080006b8       0xb4 ./Core/Src/CAN_receive.o
                0x080006b8                CAN_cmd_chassis
 .text.can_filter_init
                0x0800076c       0x74 ./Core/Src/bsp_can.o
                0x0800076c                can_filter_init
 .text.MX_CAN1_Init
                0x080007e0       0x6c ./Core/Src/can.o
                0x080007e0                MX_CAN1_Init
 .text.MX_CAN2_Init
                0x0800084c       0x6c ./Core/Src/can.o
                0x0800084c                MX_CAN2_Init
 .text.HAL_CAN_MspInit
                0x080008b8      0x15c ./Core/Src/can.o
                0x080008b8                HAL_CAN_MspInit
 .text.MX_GPIO_Init
                0x08000a14       0x6c ./Core/Src/gpio.o
                0x08000a14                MX_GPIO_Init
 .text.main     0x08000a80       0x58 ./Core/Src/main.o
                0x08000a80                main
 .text.SystemClock_Config
                0x08000ad8       0xd4 ./Core/Src/main.o
                0x08000ad8                SystemClock_Config
 .text.Error_Handler
                0x08000bac        0xc ./Core/Src/main.o
                0x08000bac                Error_Handler
 .text.HAL_MspInit
                0x08000bb8       0x50 ./Core/Src/stm32f4xx_hal_msp.o
                0x08000bb8                HAL_MspInit
 .text.NMI_Handler
                0x08000c08        0x8 ./Core/Src/stm32f4xx_it.o
                0x08000c08                NMI_Handler
 .text.HardFault_Handler
                0x08000c10        0x8 ./Core/Src/stm32f4xx_it.o
                0x08000c10                HardFault_Handler
 .text.MemManage_Handler
                0x08000c18        0x8 ./Core/Src/stm32f4xx_it.o
                0x08000c18                MemManage_Handler
 .text.BusFault_Handler
                0x08000c20        0x8 ./Core/Src/stm32f4xx_it.o
                0x08000c20                BusFault_Handler
 .text.UsageFault_Handler
                0x08000c28        0x8 ./Core/Src/stm32f4xx_it.o
                0x08000c28                UsageFault_Handler
 .text.SVC_Handler
                0x08000c30        0xe ./Core/Src/stm32f4xx_it.o
                0x08000c30                SVC_Handler
 .text.DebugMon_Handler
                0x08000c3e        0xe ./Core/Src/stm32f4xx_it.o
                0x08000c3e                DebugMon_Handler
 .text.PendSV_Handler
                0x08000c4c        0xe ./Core/Src/stm32f4xx_it.o
                0x08000c4c                PendSV_Handler
 .text.SysTick_Handler
                0x08000c5a        0xc ./Core/Src/stm32f4xx_it.o
                0x08000c5a                SysTick_Handler
 *fill*         0x08000c66        0x2 
 .text.CAN1_RX0_IRQHandler
                0x08000c68       0x14 ./Core/Src/stm32f4xx_it.o
                0x08000c68                CAN1_RX0_IRQHandler
 .text.CAN2_RX0_IRQHandler
                0x08000c7c       0x14 ./Core/Src/stm32f4xx_it.o
                0x08000c7c                CAN2_RX0_IRQHandler
 .text.SystemInit
                0x08000c90       0x24 ./Core/Src/system_stm32f4xx.o
                0x08000c90                SystemInit
 .text.MX_USART1_UART_Init
                0x08000cb4       0x54 ./Core/Src/usart.o
                0x08000cb4                MX_USART1_UART_Init
 .text.HAL_UART_MspInit
                0x08000d08       0xd0 ./Core/Src/usart.o
                0x08000d08                HAL_UART_MspInit
 .text.Reset_Handler
                0x08000dd8       0x50 ./Core/Startup/startup_stm32f407ighx.o
                0x08000dd8                Reset_Handler
 .text.Default_Handler
                0x08000e28        0x2 ./Core/Startup/startup_stm32f407ighx.o
                0x08000e28                DMA1_Stream3_IRQHandler
                0x08000e28                HASH_RNG_IRQHandler
                0x08000e28                EXTI2_IRQHandler
                0x08000e28                TIM8_CC_IRQHandler
                0x08000e28                TIM1_CC_IRQHandler
                0x08000e28                DMA2_Stream5_IRQHandler
                0x08000e28                DMA1_Stream5_IRQHandler
                0x08000e28                PVD_IRQHandler
                0x08000e28                SDIO_IRQHandler
                0x08000e28                TAMP_STAMP_IRQHandler
                0x08000e28                CAN2_RX1_IRQHandler
                0x08000e28                EXTI3_IRQHandler
                0x08000e28                TIM8_TRG_COM_TIM14_IRQHandler
                0x08000e28                TIM1_UP_TIM10_IRQHandler
                0x08000e28                TIM8_UP_TIM13_IRQHandler
                0x08000e28                I2C3_ER_IRQHandler
                0x08000e28                EXTI0_IRQHandler
                0x08000e28                I2C2_EV_IRQHandler
                0x08000e28                DMA1_Stream2_IRQHandler
                0x08000e28                FPU_IRQHandler
                0x08000e28                OTG_HS_WKUP_IRQHandler
                0x08000e28                CAN2_SCE_IRQHandler
                0x08000e28                DMA2_Stream2_IRQHandler
                0x08000e28                SPI1_IRQHandler
                0x08000e28                TIM6_DAC_IRQHandler
                0x08000e28                TIM1_BRK_TIM9_IRQHandler
                0x08000e28                DCMI_IRQHandler
                0x08000e28                DMA2_Stream3_IRQHandler
                0x08000e28                USART6_IRQHandler
                0x08000e28                USART3_IRQHandler
                0x08000e28                CAN1_RX1_IRQHandler
                0x08000e28                UART5_IRQHandler
                0x08000e28                DMA2_Stream0_IRQHandler
                0x08000e28                TIM4_IRQHandler
                0x08000e28                I2C1_EV_IRQHandler
                0x08000e28                DMA1_Stream6_IRQHandler
                0x08000e28                DMA1_Stream1_IRQHandler
                0x08000e28                UART4_IRQHandler
                0x08000e28                TIM3_IRQHandler
                0x08000e28                RCC_IRQHandler
                0x08000e28                TIM8_BRK_TIM12_IRQHandler
                0x08000e28                Default_Handler
                0x08000e28                EXTI15_10_IRQHandler
                0x08000e28                ADC_IRQHandler
                0x08000e28                DMA1_Stream7_IRQHandler
                0x08000e28                TIM7_IRQHandler
                0x08000e28                CAN2_TX_IRQHandler
                0x08000e28                TIM5_IRQHandler
                0x08000e28                DMA2_Stream7_IRQHandler
                0x08000e28                I2C3_EV_IRQHandler
                0x08000e28                EXTI9_5_IRQHandler
                0x08000e28                RTC_WKUP_IRQHandler
                0x08000e28                ETH_WKUP_IRQHandler
                0x08000e28                SPI2_IRQHandler
                0x08000e28                OTG_HS_EP1_IN_IRQHandler
                0x08000e28                DMA1_Stream0_IRQHandler
                0x08000e28                CAN1_TX_IRQHandler
                0x08000e28                EXTI4_IRQHandler
                0x08000e28                FSMC_IRQHandler
                0x08000e28                ETH_IRQHandler
                0x08000e28                OTG_HS_EP1_OUT_IRQHandler
                0x08000e28                WWDG_IRQHandler
                0x08000e28                TIM2_IRQHandler
                0x08000e28                OTG_FS_WKUP_IRQHandler
                0x08000e28                TIM1_TRG_COM_TIM11_IRQHandler
                0x08000e28                OTG_HS_IRQHandler
                0x08000e28                EXTI1_IRQHandler
                0x08000e28                USART2_IRQHandler
                0x08000e28                I2C2_ER_IRQHandler
                0x08000e28                DMA2_Stream1_IRQHandler
                0x08000e28                CAN1_SCE_IRQHandler
                0x08000e28                FLASH_IRQHandler
                0x08000e28                DMA2_Stream4_IRQHandler
                0x08000e28                USART1_IRQHandler
                0x08000e28                OTG_FS_IRQHandler
                0x08000e28                SPI3_IRQHandler
                0x08000e28                DMA1_Stream4_IRQHandler
                0x08000e28                I2C1_ER_IRQHandler
                0x08000e28                DMA2_Stream6_IRQHandler
                0x08000e28                RTC_Alarm_IRQHandler
 *fill*         0x08000e2a        0x2 
 .text.HAL_Init
                0x08000e2c       0x44 ./Drivers/STM32F4xx_HAL_Driver/Src/stm32f4xx_hal.o
                0x08000e2c                HAL_Init
 .text.HAL_InitTick
                0x08000e70       0x60 ./Drivers/STM32F4xx_HAL_Driver/Src/stm32f4xx_hal.o
                0x08000e70                HAL_InitTick
 .text.HAL_IncTick
                0x08000ed0       0x28 ./Drivers/STM32F4xx_HAL_Driver/Src/stm32f4xx_hal.o
                0x08000ed0                HAL_IncTick
 .text.HAL_GetTick
                0x08000ef8       0x18 ./Drivers/STM32F4xx_HAL_Driver/Src/stm32f4xx_hal.o
                0x08000ef8                HAL_GetTick
 .text.HAL_Delay
                0x08000f10       0x48 ./Drivers/STM32F4xx_HAL_Driver/Src/stm32f4xx_hal.o
                0x08000f10                HAL_Delay
 .text.HAL_CAN_Init
                0x08000f58      0x1f6 ./Drivers/STM32F4xx_HAL_Driver/Src/stm32f4xx_hal_can.o
                0x08000f58                HAL_CAN_Init
 *fill*         0x0800114e        0x2 
 .text.HAL_CAN_ConfigFilter
                0x08001150      0x1bc ./Drivers/STM32F4xx_HAL_Driver/Src/stm32f4xx_hal_can.o
                0x08001150                HAL_CAN_ConfigFilter
 .text.HAL_CAN_Start
                0x0800130c       0x88 ./Drivers/STM32F4xx_HAL_Driver/Src/stm32f4xx_hal_can.o
                0x0800130c                HAL_CAN_Start
 .text.HAL_CAN_AddTxMessage
                0x08001394      0x1a0 ./Drivers/STM32F4xx_HAL_Driver/Src/stm32f4xx_hal_can.o
                0x08001394                HAL_CAN_AddTxMessage
 .text.HAL_CAN_GetRxMessage
                0x08001534      0x244 ./Drivers/STM32F4xx_HAL_Driver/Src/stm32f4xx_hal_can.o
                0x08001534                HAL_CAN_GetRxMessage
 .text.HAL_CAN_ActivateNotification
                0x08001778       0x4c ./Drivers/STM32F4xx_HAL_Driver/Src/stm32f4xx_hal_can.o
                0x08001778                HAL_CAN_ActivateNotification
 .text.HAL_CAN_IRQHandler
                0x080017c4      0x36e ./Drivers/STM32F4xx_HAL_Driver/Src/stm32f4xx_hal_can.o
                0x080017c4                HAL_CAN_IRQHandler
 .text.HAL_CAN_TxMailbox0CompleteCallback
                0x08001b32       0x14 ./Drivers/STM32F4xx_HAL_Driver/Src/stm32f4xx_hal_can.o
                0x08001b32                HAL_CAN_TxMailbox0CompleteCallback
 .text.HAL_CAN_TxMailbox1CompleteCallback
                0x08001b46       0x14 ./Drivers/STM32F4xx_HAL_Driver/Src/stm32f4xx_hal_can.o
                0x08001b46                HAL_CAN_TxMailbox1CompleteCallback
 .text.HAL_CAN_TxMailbox2CompleteCallback
                0x08001b5a       0x14 ./Drivers/STM32F4xx_HAL_Driver/Src/stm32f4xx_hal_can.o
                0x08001b5a                HAL_CAN_TxMailbox2CompleteCallback
 .text.HAL_CAN_TxMailbox0AbortCallback
                0x08001b6e       0x14 ./Drivers/STM32F4xx_HAL_Driver/Src/stm32f4xx_hal_can.o
                0x08001b6e                HAL_CAN_TxMailbox0AbortCallback
 .text.HAL_CAN_TxMailbox1AbortCallback
                0x08001b82       0x14 ./Drivers/STM32F4xx_HAL_Driver/Src/stm32f4xx_hal_can.o
                0x08001b82                HAL_CAN_TxMailbox1AbortCallback
 .text.HAL_CAN_TxMailbox2AbortCallback
                0x08001b96       0x14 ./Drivers/STM32F4xx_HAL_Driver/Src/stm32f4xx_hal_can.o
                0x08001b96                HAL_CAN_TxMailbox2AbortCallback
 .text.HAL_CAN_RxFifo0FullCallback
                0x08001baa       0x14 ./Drivers/STM32F4xx_HAL_Driver/Src/stm32f4xx_hal_can.o
                0x08001baa                HAL_CAN_RxFifo0FullCallback
 .text.HAL_CAN_RxFifo1MsgPendingCallback
                0x08001bbe       0x14 ./Drivers/STM32F4xx_HAL_Driver/Src/stm32f4xx_hal_can.o
                0x08001bbe                HAL_CAN_RxFifo1MsgPendingCallback
 .text.HAL_CAN_RxFifo1FullCallback
                0x08001bd2       0x14 ./Drivers/STM32F4xx_HAL_Driver/Src/stm32f4xx_hal_can.o
                0x08001bd2                HAL_CAN_RxFifo1FullCallback
 .text.HAL_CAN_SleepCallback
                0x08001be6       0x14 ./Drivers/STM32F4xx_HAL_Driver/Src/stm32f4xx_hal_can.o
                0x08001be6                HAL_CAN_SleepCallback
 .text.HAL_CAN_WakeUpFromRxMsgCallback
                0x08001bfa       0x14 ./Drivers/STM32F4xx_HAL_Driver/Src/stm32f4xx_hal_can.o
                0x08001bfa                HAL_CAN_WakeUpFromRxMsgCallback
 .text.HAL_CAN_ErrorCallback
                0x08001c0e       0x14 ./Drivers/STM32F4xx_HAL_Driver/Src/stm32f4xx_hal_can.o
                0x08001c0e                HAL_CAN_ErrorCallback
 *fill*         0x08001c22        0x2 
 .text.__NVIC_SetPriorityGrouping
                0x08001c24       0x48 ./Drivers/STM32F4xx_HAL_Driver/Src/stm32f4xx_hal_cortex.o
 .text.__NVIC_GetPriorityGrouping
                0x08001c6c       0x1c ./Drivers/STM32F4xx_HAL_Driver/Src/stm32f4xx_hal_cortex.o
 .text.__NVIC_EnableIRQ
                0x08001c88       0x3c ./Drivers/STM32F4xx_HAL_Driver/Src/stm32f4xx_hal_cortex.o
 .text.__NVIC_SetPriority
                0x08001cc4       0x54 ./Drivers/STM32F4xx_HAL_Driver/Src/stm32f4xx_hal_cortex.o
 .text.NVIC_EncodePriority
                0x08001d18       0x66 ./Drivers/STM32F4xx_HAL_Driver/Src/stm32f4xx_hal_cortex.o
 *fill*         0x08001d7e        0x2 
 .text.SysTick_Config
                0x08001d80       0x44 ./Drivers/STM32F4xx_HAL_Driver/Src/stm32f4xx_hal_cortex.o
 .text.HAL_NVIC_SetPriorityGrouping
                0x08001dc4       0x16 ./Drivers/STM32F4xx_HAL_Driver/Src/stm32f4xx_hal_cortex.o
                0x08001dc4                HAL_NVIC_SetPriorityGrouping
 .text.HAL_NVIC_SetPriority
                0x08001dda       0x38 ./Drivers/STM32F4xx_HAL_Driver/Src/stm32f4xx_hal_cortex.o
                0x08001dda                HAL_NVIC_SetPriority
 .text.HAL_NVIC_EnableIRQ
                0x08001e12       0x1c ./Drivers/STM32F4xx_HAL_Driver/Src/stm32f4xx_hal_cortex.o
                0x08001e12                HAL_NVIC_EnableIRQ
 .text.HAL_SYSTICK_Config
                0x08001e2e       0x18 ./Drivers/STM32F4xx_HAL_Driver/Src/stm32f4xx_hal_cortex.o
                0x08001e2e                HAL_SYSTICK_Config
 *fill*         0x08001e46        0x2 
 .text.HAL_GPIO_Init
                0x08001e48      0x338 ./Drivers/STM32F4xx_HAL_Driver/Src/stm32f4xx_hal_gpio.o
                0x08001e48                HAL_GPIO_Init
 .text.HAL_RCC_OscConfig
                0x08002180      0x4f0 ./Drivers/STM32F4xx_HAL_Driver/Src/stm32f4xx_hal_rcc.o
                0x08002180                HAL_RCC_OscConfig
 .text.HAL_RCC_ClockConfig
                0x08002670      0x1cc ./Drivers/STM32F4xx_HAL_Driver/Src/stm32f4xx_hal_rcc.o
                0x08002670                HAL_RCC_ClockConfig
 .text.HAL_RCC_GetSysClockFreq
                0x0800283c      0x18c ./Drivers/STM32F4xx_HAL_Driver/Src/stm32f4xx_hal_rcc.o
                0x0800283c                HAL_RCC_GetSysClockFreq
 .text.HAL_RCC_GetHCLKFreq
                0x080029c8       0x18 ./Drivers/STM32F4xx_HAL_Driver/Src/stm32f4xx_hal_rcc.o
                0x080029c8                HAL_RCC_GetHCLKFreq
 .text.HAL_RCC_GetPCLK1Freq
                0x080029e0       0x28 ./Drivers/STM32F4xx_HAL_Driver/Src/stm32f4xx_hal_rcc.o
                0x080029e0                HAL_RCC_GetPCLK1Freq
 .text.HAL_RCC_GetPCLK2Freq
                0x08002a08       0x28 ./Drivers/STM32F4xx_HAL_Driver/Src/stm32f4xx_hal_rcc.o
                0x08002a08                HAL_RCC_GetPCLK2Freq
 .text.HAL_UART_Init
                0x08002a30       0xa0 ./Drivers/STM32F4xx_HAL_Driver/Src/stm32f4xx_hal_uart.o
                0x08002a30                HAL_UART_Init
 .text.UART_SetConfig
                0x08002ad0      0x4e8 ./Drivers/STM32F4xx_HAL_Driver/Src/stm32f4xx_hal_uart.o
 .text.memset   0x08002fb8       0x10 /Applications/STM32CubeIDE.app/Contents/Eclipse/plugins/com.st.stm32cube.ide.mcu.externaltools.gnu-tools-for-stm32.13.3.rel1.macos64_1.0.0.202411102158/tools/bin/../lib/gcc/arm-none-eabi/13.3.1/../../../../arm-none-eabi/lib/thumb/v7e-m+fp/hard/libc_nano.a(libc_a-memset.o)
                0x08002fb8                memset
 .text.__libc_init_array
                0x08002fc8       0x48 /Applications/STM32CubeIDE.app/Contents/Eclipse/plugins/com.st.stm32cube.ide.mcu.externaltools.gnu-tools-for-stm32.13.3.rel1.macos64_1.0.0.202411102158/tools/bin/../lib/gcc/arm-none-eabi/13.3.1/../../../../arm-none-eabi/lib/thumb/v7e-m+fp/hard/libc_nano.a(libc_a-init.o)
                0x08002fc8                __libc_init_array
 *(.glue_7)
 .glue_7        0x08003010        0x0 linker stubs
 *(.glue_7t)
 .glue_7t       0x08003010        0x0 linker stubs
 *(.eh_frame)
 .eh_frame      0x08003010        0x0 /Applications/STM32CubeIDE.app/Contents/Eclipse/plugins/com.st.stm32cube.ide.mcu.externaltools.gnu-tools-for-stm32.13.3.rel1.macos64_1.0.0.202411102158/tools/bin/../lib/gcc/arm-none-eabi/13.3.1/thumb/v7e-m+fp/hard/crtbegin.o
 *(.init)
 .init          0x08003010        0x4 /Applications/STM32CubeIDE.app/Contents/Eclipse/plugins/com.st.stm32cube.ide.mcu.externaltools.gnu-tools-for-stm32.13.3.rel1.macos64_1.0.0.202411102158/tools/bin/../lib/gcc/arm-none-eabi/13.3.1/thumb/v7e-m+fp/hard/crti.o
                0x08003010                _init
 .init          0x08003014        0x8 /Applications/STM32CubeIDE.app/Contents/Eclipse/plugins/com.st.stm32cube.ide.mcu.externaltools.gnu-tools-for-stm32.13.3.rel1.macos64_1.0.0.202411102158/tools/bin/../lib/gcc/arm-none-eabi/13.3.1/thumb/v7e-m+fp/hard/crtn.o
 *(.fini)
 .fini          0x0800301c        0x4 /Applications/STM32CubeIDE.app/Contents/Eclipse/plugins/com.st.stm32cube.ide.mcu.externaltools.gnu-tools-for-stm32.13.3.rel1.macos64_1.0.0.202411102158/tools/bin/../lib/gcc/arm-none-eabi/13.3.1/thumb/v7e-m+fp/hard/crti.o
                0x0800301c                _fini
 .fini          0x08003020        0x8 /Applications/STM32CubeIDE.app/Contents/Eclipse/plugins/com.st.stm32cube.ide.mcu.externaltools.gnu-tools-for-stm32.13.3.rel1.macos64_1.0.0.202411102158/tools/bin/../lib/gcc/arm-none-eabi/13.3.1/thumb/v7e-m+fp/hard/crtn.o
                0x08003028                        . = ALIGN (0x4)
                0x08003028                        _etext = .

.vfp11_veneer   0x08003028        0x0
 .vfp11_veneer  0x08003028        0x0 linker stubs

.v4_bx          0x08003028        0x0
 .v4_bx         0x08003028        0x0 linker stubs

.iplt           0x08003028        0x0
 .iplt          0x08003028        0x0 /Applications/STM32CubeIDE.app/Contents/Eclipse/plugins/com.st.stm32cube.ide.mcu.externaltools.gnu-tools-for-stm32.13.3.rel1.macos64_1.0.0.202411102158/tools/bin/../lib/gcc/arm-none-eabi/13.3.1/thumb/v7e-m+fp/hard/crtbegin.o

.rodata         0x08003028       0x18
                0x08003028                        . = ALIGN (0x4)
 *(.rodata)
 *(.rodata*)
 .rodata.AHBPrescTable
                0x08003028       0x10 ./Core/Src/system_stm32f4xx.o
                0x08003028                AHBPrescTable
 .rodata.APBPrescTable
                0x08003038        0x8 ./Core/Src/system_stm32f4xx.o
                0x08003038                APBPrescTable
                0x08003040                        . = ALIGN (0x4)

.ARM.extab      0x08003040        0x0
                0x08003040                        . = ALIGN (0x4)
 *(.ARM.extab* .gnu.linkonce.armextab.*)
                0x08003040                        . = ALIGN (0x4)

.ARM            0x08003040        0x8
                0x08003040                        . = ALIGN (0x4)
                0x08003040                        __exidx_start = .
 *(.ARM.exidx*)
 .ARM.exidx     0x08003040        0x8 /Applications/STM32CubeIDE.app/Contents/Eclipse/plugins/com.st.stm32cube.ide.mcu.externaltools.gnu-tools-for-stm32.13.3.rel1.macos64_1.0.0.202411102158/tools/bin/../lib/gcc/arm-none-eabi/13.3.1/thumb/v7e-m+fp/hard/libgcc.a(_udivmoddi4.o)
                0x08003048                        __exidx_end = .
                0x08003048                        . = ALIGN (0x4)

.preinit_array  0x08003048        0x0
                0x08003048                        . = ALIGN (0x4)
                0x08003048                        PROVIDE (__preinit_array_start = .)
 *(.preinit_array*)
                0x08003048                        PROVIDE (__preinit_array_end = .)
                0x08003048                        . = ALIGN (0x4)

.init_array     0x08003048        0x4
                0x08003048                        . = ALIGN (0x4)
                0x08003048                        PROVIDE (__init_array_start = .)
 *(SORT_BY_NAME(.init_array.*))
 *(.init_array*)
 .init_array    0x08003048        0x4 /Applications/STM32CubeIDE.app/Contents/Eclipse/plugins/com.st.stm32cube.ide.mcu.externaltools.gnu-tools-for-stm32.13.3.rel1.macos64_1.0.0.202411102158/tools/bin/../lib/gcc/arm-none-eabi/13.3.1/thumb/v7e-m+fp/hard/crtbegin.o
                0x0800304c                        PROVIDE (__init_array_end = .)
                0x0800304c                        . = ALIGN (0x4)

.fini_array     0x0800304c        0x4
                0x0800304c                        . = ALIGN (0x4)
                [!provide]                        PROVIDE (__fini_array_start = .)
 *(SORT_BY_NAME(.fini_array.*))
 *(.fini_array*)
 .fini_array    0x0800304c        0x4 /Applications/STM32CubeIDE.app/Contents/Eclipse/plugins/com.st.stm32cube.ide.mcu.externaltools.gnu-tools-for-stm32.13.3.rel1.macos64_1.0.0.202411102158/tools/bin/../lib/gcc/arm-none-eabi/13.3.1/thumb/v7e-m+fp/hard/crtbegin.o
                [!provide]                        PROVIDE (__fini_array_end = .)
                0x08003050                        . = ALIGN (0x4)
                0x08003050                        _sidata = LOADADDR (.data)

.rel.dyn        0x08003050        0x0
 .rel.iplt      0x08003050        0x0 /Applications/STM32CubeIDE.app/Contents/Eclipse/plugins/com.st.stm32cube.ide.mcu.externaltools.gnu-tools-for-stm32.13.3.rel1.macos64_1.0.0.202411102158/tools/bin/../lib/gcc/arm-none-eabi/13.3.1/thumb/v7e-m+fp/hard/crtbegin.o

.data           0x20000000        0xc load address 0x08003050
                0x20000000                        . = ALIGN (0x4)
                0x20000000                        _sdata = .
 *(.data)
 *(.data*)
 .data.SystemCoreClock
                0x20000000        0x4 ./Core/Src/system_stm32f4xx.o
                0x20000000                SystemCoreClock
 .data.uwTickPrio
                0x20000004        0x4 ./Drivers/STM32F4xx_HAL_Driver/Src/stm32f4xx_hal.o
                0x20000004                uwTickPrio
 .data.uwTickFreq
                0x20000008        0x1 ./Drivers/STM32F4xx_HAL_Driver/Src/stm32f4xx_hal.o
                0x20000008                uwTickFreq
 *(.RamFunc)
 *(.RamFunc*)
                0x2000000c                        . = ALIGN (0x4)
 *fill*         0x20000009        0x3 
                0x2000000c                        _edata = .
                0x0800305c                        _siccmram = LOADADDR (.ccmram)

.igot.plt       0x2000000c        0x0 load address 0x0800305c
 .igot.plt      0x2000000c        0x0 /Applications/STM32CubeIDE.app/Contents/Eclipse/plugins/com.st.stm32cube.ide.mcu.externaltools.gnu-tools-for-stm32.13.3.rel1.macos64_1.0.0.202411102158/tools/bin/../lib/gcc/arm-none-eabi/13.3.1/thumb/v7e-m+fp/hard/crtbegin.o

.ccmram         0x10000000        0x0 load address 0x0800305c
                0x10000000                        . = ALIGN (0x4)
                0x10000000                        _sccmram = .
 *(.ccmram)
 *(.ccmram*)
                0x10000000                        . = ALIGN (0x4)
                0x10000000                        _eccmram = .
                0x10000000                        . = ALIGN (0x4)

.bss            0x2000000c      0x138
                0x2000000c                        _sbss = .
                0x2000000c                        __bss_start__ = _sbss
 *(.bss)
 .bss           0x2000000c       0x1c /Applications/STM32CubeIDE.app/Contents/Eclipse/plugins/com.st.stm32cube.ide.mcu.externaltools.gnu-tools-for-stm32.13.3.rel1.macos64_1.0.0.202411102158/tools/bin/../lib/gcc/arm-none-eabi/13.3.1/thumb/v7e-m+fp/hard/crtbegin.o
 *(.bss*)
 .bss.motor_arm
                0x20000028       0x3c ./Core/Src/CAN_receive.o
 .bss.gimbal_tx_message
                0x20000064       0x18 ./Core/Src/CAN_receive.o
 .bss.gimbal_can_send_data
                0x2000007c        0x8 ./Core/Src/CAN_receive.o
 .bss.chassis_tx_message
                0x20000084       0x18 ./Core/Src/CAN_receive.o
 .bss.chassis_can_send_data
                0x2000009c        0x8 ./Core/Src/CAN_receive.o
 .bss.hcan1     0x200000a4       0x28 ./Core/Src/can.o
                0x200000a4                hcan1
 .bss.hcan2     0x200000cc       0x28 ./Core/Src/can.o
                0x200000cc                hcan2
 .bss.HAL_RCC_CAN1_CLK_ENABLED
                0x200000f4        0x4 ./Core/Src/can.o
 .bss.huart1    0x200000f8       0x48 ./Core/Src/usart.o
                0x200000f8                huart1
 .bss.uwTick    0x20000140        0x4 ./Drivers/STM32F4xx_HAL_Driver/Src/stm32f4xx_hal.o
                0x20000140                uwTick
 *(COMMON)
                0x20000144                        . = ALIGN (0x4)
                0x20000144                        _ebss = .
                0x20000144                        __bss_end__ = _ebss

._user_heap_stack
                0x20000144      0x604
                0x20000148                        . = ALIGN (0x8)
 *fill*         0x20000144        0x4 
                [!provide]                        PROVIDE (end = .)
                0x20000148                        PROVIDE (_end = .)
                0x20000348                        . = (. + _Min_Heap_Size)
 *fill*         0x20000148      0x200 
                0x20000748                        . = (. + _Min_Stack_Size)
 *fill*         0x20000348      0x400 
                0x20000748                        . = ALIGN (0x8)

/DISCARD/
 libc.a(*)
 libm.a(*)
 libgcc.a(*)

.ARM.attributes
                0x00000000       0x30
 *(.ARM.attributes)
 .ARM.attributes
                0x00000000       0x22 /Applications/STM32CubeIDE.app/Contents/Eclipse/plugins/com.st.stm32cube.ide.mcu.externaltools.gnu-tools-for-stm32.13.3.rel1.macos64_1.0.0.202411102158/tools/bin/../lib/gcc/arm-none-eabi/13.3.1/thumb/v7e-m+fp/hard/crti.o
 .ARM.attributes
                0x00000022       0x34 /Applications/STM32CubeIDE.app/Contents/Eclipse/plugins/com.st.stm32cube.ide.mcu.externaltools.gnu-tools-for-stm32.13.3.rel1.macos64_1.0.0.202411102158/tools/bin/../lib/gcc/arm-none-eabi/13.3.1/thumb/v7e-m+fp/hard/crtbegin.o
 .ARM.attributes
                0x00000056       0x34 ./Core/Src/CAN_receive.o
 .ARM.attributes
                0x0000008a       0x34 ./Core/Src/bsp_can.o
 .ARM.attributes
                0x000000be       0x34 ./Core/Src/can.o
 .ARM.attributes
                0x000000f2       0x34 ./Core/Src/gpio.o
 .ARM.attributes
                0x00000126       0x34 ./Core/Src/main.o
 .ARM.attributes
                0x0000015a       0x34 ./Core/Src/stm32f4xx_hal_msp.o
 .ARM.attributes
                0x0000018e       0x34 ./Core/Src/stm32f4xx_it.o
 .ARM.attributes
                0x000001c2       0x34 ./Core/Src/system_stm32f4xx.o
 .ARM.attributes
                0x000001f6       0x34 ./Core/Src/usart.o
 .ARM.attributes
                0x0000022a       0x21 ./Core/Startup/startup_stm32f407ighx.o
 .ARM.attributes
                0x0000024b       0x34 ./Drivers/STM32F4xx_HAL_Driver/Src/stm32f4xx_hal.o
 .ARM.attributes
                0x0000027f       0x34 ./Drivers/STM32F4xx_HAL_Driver/Src/stm32f4xx_hal_can.o
 .ARM.attributes
                0x000002b3       0x34 ./Drivers/STM32F4xx_HAL_Driver/Src/stm32f4xx_hal_cortex.o
 .ARM.attributes
                0x000002e7       0x34 ./Drivers/STM32F4xx_HAL_Driver/Src/stm32f4xx_hal_gpio.o
 .ARM.attributes
                0x0000031b       0x34 ./Drivers/STM32F4xx_HAL_Driver/Src/stm32f4xx_hal_rcc.o
 .ARM.attributes
                0x0000034f       0x34 ./Drivers/STM32F4xx_HAL_Driver/Src/stm32f4xx_hal_uart.o
 .ARM.attributes
                0x00000383       0x34 /Applications/STM32CubeIDE.app/Contents/Eclipse/plugins/com.st.stm32cube.ide.mcu.externaltools.gnu-tools-for-stm32.13.3.rel1.macos64_1.0.0.202411102158/tools/bin/../lib/gcc/arm-none-eabi/13.3.1/../../../../arm-none-eabi/lib/thumb/v7e-m+fp/hard/libc_nano.a(libc_a-memset.o)
 .ARM.attributes
                0x000003b7       0x34 /Applications/STM32CubeIDE.app/Contents/Eclipse/plugins/com.st.stm32cube.ide.mcu.externaltools.gnu-tools-for-stm32.13.3.rel1.macos64_1.0.0.202411102158/tools/bin/../lib/gcc/arm-none-eabi/13.3.1/../../../../arm-none-eabi/lib/thumb/v7e-m+fp/hard/libc_nano.a(libc_a-init.o)
 .ARM.attributes
                0x000003eb       0x22 /Applications/STM32CubeIDE.app/Contents/Eclipse/plugins/com.st.stm32cube.ide.mcu.externaltools.gnu-tools-for-stm32.13.3.rel1.macos64_1.0.0.202411102158/tools/bin/../lib/gcc/arm-none-eabi/13.3.1/thumb/v7e-m+fp/hard/libgcc.a(_aeabi_uldivmod.o)
 .ARM.attributes
                0x0000040d       0x34 /Applications/STM32CubeIDE.app/Contents/Eclipse/plugins/com.st.stm32cube.ide.mcu.externaltools.gnu-tools-for-stm32.13.3.rel1.macos64_1.0.0.202411102158/tools/bin/../lib/gcc/arm-none-eabi/13.3.1/thumb/v7e-m+fp/hard/libgcc.a(_udivmoddi4.o)
 .ARM.attributes
                0x00000441       0x22 /Applications/STM32CubeIDE.app/Contents/Eclipse/plugins/com.st.stm32cube.ide.mcu.externaltools.gnu-tools-for-stm32.13.3.rel1.macos64_1.0.0.202411102158/tools/bin/../lib/gcc/arm-none-eabi/13.3.1/thumb/v7e-m+fp/hard/libgcc.a(_dvmd_tls.o)
 .ARM.attributes
                0x00000463       0x22 /Applications/STM32CubeIDE.app/Contents/Eclipse/plugins/com.st.stm32cube.ide.mcu.externaltools.gnu-tools-for-stm32.13.3.rel1.macos64_1.0.0.202411102158/tools/bin/../lib/gcc/arm-none-eabi/13.3.1/thumb/v7e-m+fp/hard/crtn.o
OUTPUT(Engineering_Custom_Controller_V2.elf elf32-littlearm)
LOAD linker stubs
LOAD /Applications/STM32CubeIDE.app/Contents/Eclipse/plugins/com.st.stm32cube.ide.mcu.externaltools.gnu-tools-for-stm32.13.3.rel1.macos64_1.0.0.202411102158/tools/bin/../lib/gcc/arm-none-eabi/13.3.1/../../../../arm-none-eabi/lib/thumb/v7e-m+fp/hard/libc.a
LOAD /Applications/STM32CubeIDE.app/Contents/Eclipse/plugins/com.st.stm32cube.ide.mcu.externaltools.gnu-tools-for-stm32.13.3.rel1.macos64_1.0.0.202411102158/tools/bin/../lib/gcc/arm-none-eabi/13.3.1/../../../../arm-none-eabi/lib/thumb/v7e-m+fp/hard/libm.a
LOAD /Applications/STM32CubeIDE.app/Contents/Eclipse/plugins/com.st.stm32cube.ide.mcu.externaltools.gnu-tools-for-stm32.13.3.rel1.macos64_1.0.0.202411102158/tools/bin/../lib/gcc/arm-none-eabi/13.3.1/thumb/v7e-m+fp/hard/libgcc.a

.debug_info     0x00000000     0x9c7f
 .debug_info    0x00000000      0x8dc ./Core/Src/CAN_receive.o
 .debug_info    0x000008dc      0x59f ./Core/Src/bsp_can.o
 .debug_info    0x00000e7b      0xb40 ./Core/Src/can.o
 .debug_info    0x000019bb      0x284 ./Core/Src/gpio.o
 .debug_info    0x00001c3f      0x54e ./Core/Src/main.o
 .debug_info    0x0000218d      0x269 ./Core/Src/stm32f4xx_hal_msp.o
 .debug_info    0x000023f6      0x520 ./Core/Src/stm32f4xx_it.o
 .debug_info    0x00002916      0x512 ./Core/Src/system_stm32f4xx.o
 .debug_info    0x00002e28      0x939 ./Core/Src/usart.o
 .debug_info    0x00003761       0x30 ./Core/Startup/startup_stm32f407ighx.o
 .debug_info    0x00003791      0x944 ./Drivers/STM32F4xx_HAL_Driver/Src/stm32f4xx_hal.o
 .debug_info    0x000040d5      0xf49 ./Drivers/STM32F4xx_HAL_Driver/Src/stm32f4xx_hal_can.o
 .debug_info    0x0000501e      0xd8c ./Drivers/STM32F4xx_HAL_Driver/Src/stm32f4xx_hal_cortex.o
 .debug_info    0x00005daa      0x6c3 ./Drivers/STM32F4xx_HAL_Driver/Src/stm32f4xx_hal_gpio.o
 .debug_info    0x0000646d      0x8c3 ./Drivers/STM32F4xx_HAL_Driver/Src/stm32f4xx_hal_rcc.o
 .debug_info    0x00006d30     0x2f4f ./Drivers/STM32F4xx_HAL_Driver/Src/stm32f4xx_hal_uart.o

.debug_abbrev   0x00000000     0x1d72
 .debug_abbrev  0x00000000      0x215 ./Core/Src/CAN_receive.o
 .debug_abbrev  0x00000215      0x17c ./Core/Src/bsp_can.o
 .debug_abbrev  0x00000391      0x225 ./Core/Src/can.o
 .debug_abbrev  0x000005b6       0xd8 ./Core/Src/gpio.o
 .debug_abbrev  0x0000068e      0x223 ./Core/Src/main.o
 .debug_abbrev  0x000008b1       0xd8 ./Core/Src/stm32f4xx_hal_msp.o
 .debug_abbrev  0x00000989      0x190 ./Core/Src/stm32f4xx_it.o
 .debug_abbrev  0x00000b19      0x11a ./Core/Src/system_stm32f4xx.o
 .debug_abbrev  0x00000c33      0x1f9 ./Core/Src/usart.o
 .debug_abbrev  0x00000e2c       0x24 ./Core/Startup/startup_stm32f407ighx.o
 .debug_abbrev  0x00000e50      0x214 ./Drivers/STM32F4xx_HAL_Driver/Src/stm32f4xx_hal.o
 .debug_abbrev  0x00001064      0x258 ./Drivers/STM32F4xx_HAL_Driver/Src/stm32f4xx_hal_can.o
 .debug_abbrev  0x000012bc      0x31d ./Drivers/STM32F4xx_HAL_Driver/Src/stm32f4xx_hal_cortex.o
 .debug_abbrev  0x000015d9      0x1d4 ./Drivers/STM32F4xx_HAL_Driver/Src/stm32f4xx_hal_gpio.o
 .debug_abbrev  0x000017ad      0x2b7 ./Drivers/STM32F4xx_HAL_Driver/Src/stm32f4xx_hal_rcc.o
 .debug_abbrev  0x00001a64      0x30e ./Drivers/STM32F4xx_HAL_Driver/Src/stm32f4xx_hal_uart.o

.debug_aranges  0x00000000      0x850
 .debug_aranges
                0x00000000       0x58 ./Core/Src/CAN_receive.o
 .debug_aranges
                0x00000058       0x20 ./Core/Src/bsp_can.o
 .debug_aranges
                0x00000078       0x38 ./Core/Src/can.o
 .debug_aranges
                0x000000b0       0x20 ./Core/Src/gpio.o
 .debug_aranges
                0x000000d0       0x30 ./Core/Src/main.o
 .debug_aranges
                0x00000100       0x20 ./Core/Src/stm32f4xx_hal_msp.o
 .debug_aranges
                0x00000120       0x70 ./Core/Src/stm32f4xx_it.o
 .debug_aranges
                0x00000190       0x28 ./Core/Src/system_stm32f4xx.o
 .debug_aranges
                0x000001b8       0x30 ./Core/Src/usart.o
 .debug_aranges
                0x000001e8       0x28 ./Core/Startup/startup_stm32f407ighx.o
 .debug_aranges
                0x00000210       0xf0 ./Drivers/STM32F4xx_HAL_Driver/Src/stm32f4xx_hal.o
 .debug_aranges
                0x00000300      0x138 ./Drivers/STM32F4xx_HAL_Driver/Src/stm32f4xx_hal_can.o
 .debug_aranges
                0x00000438      0x130 ./Drivers/STM32F4xx_HAL_Driver/Src/stm32f4xx_hal_cortex.o
 .debug_aranges
                0x00000568       0x58 ./Drivers/STM32F4xx_HAL_Driver/Src/stm32f4xx_hal_gpio.o
 .debug_aranges
                0x000005c0       0x88 ./Drivers/STM32F4xx_HAL_Driver/Src/stm32f4xx_hal_rcc.o
 .debug_aranges
                0x00000648      0x208 ./Drivers/STM32F4xx_HAL_Driver/Src/stm32f4xx_hal_uart.o

.debug_rnglists
                0x00000000      0x64f
 .debug_rnglists
                0x00000000       0x4f ./Core/Src/CAN_receive.o
 .debug_rnglists
                0x0000004f       0x13 ./Core/Src/bsp_can.o
 .debug_rnglists
                0x00000062       0x27 ./Core/Src/can.o
 .debug_rnglists
                0x00000089       0x13 ./Core/Src/gpio.o
 .debug_rnglists
                0x0000009c       0x20 ./Core/Src/main.o
 .debug_rnglists
                0x000000bc       0x13 ./Core/Src/stm32f4xx_hal_msp.o
 .debug_rnglists
                0x000000cf       0x4f ./Core/Src/stm32f4xx_it.o
 .debug_rnglists
                0x0000011e       0x1a ./Core/Src/system_stm32f4xx.o
 .debug_rnglists
                0x00000138       0x20 ./Core/Src/usart.o
 .debug_rnglists
                0x00000158       0x19 ./Core/Startup/startup_stm32f407ighx.o
 .debug_rnglists
                0x00000171       0xaf ./Drivers/STM32F4xx_HAL_Driver/Src/stm32f4xx_hal.o
 .debug_rnglists
                0x00000220       0xee ./Drivers/STM32F4xx_HAL_Driver/Src/stm32f4xx_hal_can.o
 .debug_rnglists
                0x0000030e       0xe0 ./Drivers/STM32F4xx_HAL_Driver/Src/stm32f4xx_hal_cortex.o
 .debug_rnglists
                0x000003ee       0x3f ./Drivers/STM32F4xx_HAL_Driver/Src/stm32f4xx_hal_gpio.o
 .debug_rnglists
                0x0000042d       0x66 ./Drivers/STM32F4xx_HAL_Driver/Src/stm32f4xx_hal_rcc.o
 .debug_rnglists
                0x00000493      0x1bc ./Drivers/STM32F4xx_HAL_Driver/Src/stm32f4xx_hal_uart.o

.debug_macro    0x00000000    0x20295
 .debug_macro   0x00000000      0x1fb ./Core/Src/CAN_receive.o
 .debug_macro   0x000001fb      0xad8 ./Core/Src/CAN_receive.o
 .debug_macro   0x00000cd3       0x22 ./Core/Src/CAN_receive.o
 .debug_macro   0x00000cf5       0x8e ./Core/Src/CAN_receive.o
 .debug_macro   0x00000d83       0x51 ./Core/Src/CAN_receive.o
 .debug_macro   0x00000dd4      0x103 ./Core/Src/CAN_receive.o
 .debug_macro   0x00000ed7       0x6a ./Core/Src/CAN_receive.o
 .debug_macro   0x00000f41      0x1df ./Core/Src/CAN_receive.o
 .debug_macro   0x00001120      0x29b ./Core/Src/CAN_receive.o
 .debug_macro   0x000013bb       0x2e ./Core/Src/CAN_receive.o
 .debug_macro   0x000013e9       0x2f ./Core/Src/CAN_receive.o
 .debug_macro   0x00001418       0x1c ./Core/Src/CAN_receive.o
 .debug_macro   0x00001434       0x22 ./Core/Src/CAN_receive.o
 .debug_macro   0x00001456       0xfb ./Core/Src/CAN_receive.o
 .debug_macro   0x00001551     0x1011 ./Core/Src/CAN_receive.o
 .debug_macro   0x00002562      0x11f ./Core/Src/CAN_receive.o
 .debug_macro   0x00002681    0x15ea5 ./Core/Src/CAN_receive.o
 .debug_macro   0x00018526       0x6d ./Core/Src/CAN_receive.o
 .debug_macro   0x00018593     0x3693 ./Core/Src/CAN_receive.o
 .debug_macro   0x0001bc26      0x190 ./Core/Src/CAN_receive.o
 .debug_macro   0x0001bdb6       0x5c ./Core/Src/CAN_receive.o
 .debug_macro   0x0001be12      0x980 ./Core/Src/CAN_receive.o
 .debug_macro   0x0001c792      0x9e9 ./Core/Src/CAN_receive.o
 .debug_macro   0x0001d17b      0x115 ./Core/Src/CAN_receive.o
 .debug_macro   0x0001d290      0x13e ./Core/Src/CAN_receive.o
 .debug_macro   0x0001d3ce       0xa5 ./Core/Src/CAN_receive.o
 .debug_macro   0x0001d473      0x174 ./Core/Src/CAN_receive.o
 .debug_macro   0x0001d5e7      0x287 ./Core/Src/CAN_receive.o
 .debug_macro   0x0001d86e       0x5f ./Core/Src/CAN_receive.o
 .debug_macro   0x0001d8cd      0x236 ./Core/Src/CAN_receive.o
 .debug_macro   0x0001db03      0x40f ./Core/Src/CAN_receive.o
 .debug_macro   0x0001df12      0x12c ./Core/Src/CAN_receive.o
 .debug_macro   0x0001e03e      0x21e ./Core/Src/CAN_receive.o
 .debug_macro   0x0001e25c       0x2e ./Core/Src/CAN_receive.o
 .debug_macro   0x0001e28a      0x127 ./Core/Src/CAN_receive.o
 .debug_macro   0x0001e3b1       0x7e ./Core/Src/CAN_receive.o
 .debug_macro   0x0001e42f       0x89 ./Core/Src/CAN_receive.o
 .debug_macro   0x0001e4b8      0x2aa ./Core/Src/CAN_receive.o
 .debug_macro   0x0001e762      0x12d ./Core/Src/CAN_receive.o
 .debug_macro   0x0001e88f       0x10 ./Core/Src/CAN_receive.o
 .debug_macro   0x0001e89f      0x1e2 ./Core/Src/bsp_can.o
 .debug_macro   0x0001ea81      0x1d8 ./Core/Src/can.o
 .debug_macro   0x0001ec59      0x1d8 ./Core/Src/gpio.o
 .debug_macro   0x0001ee31      0x1f0 ./Core/Src/main.o
 .debug_macro   0x0001f021      0x1ce ./Core/Src/stm32f4xx_hal_msp.o
 .debug_macro   0x0001f1ef      0x1d8 ./Core/Src/stm32f4xx_it.o
 .debug_macro   0x0001f3c7      0x1c4 ./Core/Src/system_stm32f4xx.o
 .debug_macro   0x0001f58b      0x1d8 ./Core/Src/usart.o
 .debug_macro   0x0001f763      0x224 ./Drivers/STM32F4xx_HAL_Driver/Src/stm32f4xx_hal.o
 .debug_macro   0x0001f987      0x1d3 ./Drivers/STM32F4xx_HAL_Driver/Src/stm32f4xx_hal_can.o
 .debug_macro   0x0001fb5a      0x1c4 ./Drivers/STM32F4xx_HAL_Driver/Src/stm32f4xx_hal_cortex.o
 .debug_macro   0x0001fd1e      0x1ca ./Drivers/STM32F4xx_HAL_Driver/Src/stm32f4xx_hal_gpio.o
 .debug_macro   0x0001fee8      0x1e8 ./Drivers/STM32F4xx_HAL_Driver/Src/stm32f4xx_hal_rcc.o
 .debug_macro   0x000200d0      0x1c5 ./Drivers/STM32F4xx_HAL_Driver/Src/stm32f4xx_hal_uart.o

.debug_line     0x00000000     0xa7ba
 .debug_line    0x00000000      0x7ff ./Core/Src/CAN_receive.o
 .debug_line    0x000007ff      0x6fd ./Core/Src/bsp_can.o
 .debug_line    0x00000efc      0x7dd ./Core/Src/can.o
 .debug_line    0x000016d9      0x6bf ./Core/Src/gpio.o
 .debug_line    0x00001d98      0x761 ./Core/Src/main.o
 .debug_line    0x000024f9      0x6c1 ./Core/Src/stm32f4xx_hal_msp.o
 .debug_line    0x00002bba      0x7a0 ./Core/Src/stm32f4xx_it.o
 .debug_line    0x0000335a      0x737 ./Core/Src/system_stm32f4xx.o
 .debug_line    0x00003a91      0x741 ./Core/Src/usart.o
 .debug_line    0x000041d2       0x7a ./Core/Startup/startup_stm32f407ighx.o
 .debug_line    0x0000424c      0x9b3 ./Drivers/STM32F4xx_HAL_Driver/Src/stm32f4xx_hal.o
 .debug_line    0x00004bff     0x1172 ./Drivers/STM32F4xx_HAL_Driver/Src/stm32f4xx_hal_can.o
 .debug_line    0x00005d71      0xc83 ./Drivers/STM32F4xx_HAL_Driver/Src/stm32f4xx_hal_cortex.o
 .debug_line    0x000069f4      0xb0b ./Drivers/STM32F4xx_HAL_Driver/Src/stm32f4xx_hal_gpio.o
 .debug_line    0x000074ff      0xdc0 ./Drivers/STM32F4xx_HAL_Driver/Src/stm32f4xx_hal_rcc.o
 .debug_line    0x000082bf     0x24fb ./Drivers/STM32F4xx_HAL_Driver/Src/stm32f4xx_hal_uart.o

.debug_str      0x00000000    0xc1b93
 .debug_str     0x00000000    0xc1b93 ./Core/Src/CAN_receive.o
                              0xbf67a (size before relaxing)
 .debug_str     0x000c1b93    0xbf328 ./Core/Src/bsp_can.o
 .debug_str     0x000c1b93    0xbf91f ./Core/Src/can.o
 .debug_str     0x000c1b93    0xbf046 ./Core/Src/gpio.o
 .debug_str     0x000c1b93    0xbf28c ./Core/Src/main.o
 .debug_str     0x000c1b93    0xbf046 ./Core/Src/stm32f4xx_hal_msp.o
 .debug_str     0x000c1b93    0xbf2ad ./Core/Src/stm32f4xx_it.o
 .debug_str     0x000c1b93    0xbf0f6 ./Core/Src/system_stm32f4xx.o
 .debug_str     0x000c1b93    0xbf5ce ./Core/Src/usart.o
 .debug_str     0x000c1b93       0x97 ./Core/Startup/startup_stm32f407ighx.o
 .debug_str     0x000c1b93    0xbfc7a ./Drivers/STM32F4xx_HAL_Driver/Src/stm32f4xx_hal.o
 .debug_str     0x000c1b93    0xbf7f0 ./Drivers/STM32F4xx_HAL_Driver/Src/stm32f4xx_hal_can.o
 .debug_str     0x000c1b93    0xbf9f6 ./Drivers/STM32F4xx_HAL_Driver/Src/stm32f4xx_hal_cortex.o
 .debug_str     0x000c1b93    0xbf271 ./Drivers/STM32F4xx_HAL_Driver/Src/stm32f4xx_hal_gpio.o
 .debug_str     0x000c1b93    0xbf52a ./Drivers/STM32F4xx_HAL_Driver/Src/stm32f4xx_hal_rcc.o
 .debug_str     0x000c1b93    0xbfb0b ./Drivers/STM32F4xx_HAL_Driver/Src/stm32f4xx_hal_uart.o

.comment        0x00000000       0x43
 .comment       0x00000000       0x43 ./Core/Src/CAN_receive.o
                                 0x44 (size before relaxing)
 .comment       0x00000043       0x44 ./Core/Src/bsp_can.o
 .comment       0x00000043       0x44 ./Core/Src/can.o
 .comment       0x00000043       0x44 ./Core/Src/gpio.o
 .comment       0x00000043       0x44 ./Core/Src/main.o
 .comment       0x00000043       0x44 ./Core/Src/stm32f4xx_hal_msp.o
 .comment       0x00000043       0x44 ./Core/Src/stm32f4xx_it.o
 .comment       0x00000043       0x44 ./Core/Src/system_stm32f4xx.o
 .comment       0x00000043       0x44 ./Core/Src/usart.o
 .comment       0x00000043       0x44 ./Drivers/STM32F4xx_HAL_Driver/Src/stm32f4xx_hal.o
 .comment       0x00000043       0x44 ./Drivers/STM32F4xx_HAL_Driver/Src/stm32f4xx_hal_can.o
 .comment       0x00000043       0x44 ./Drivers/STM32F4xx_HAL_Driver/Src/stm32f4xx_hal_cortex.o
 .comment       0x00000043       0x44 ./Drivers/STM32F4xx_HAL_Driver/Src/stm32f4xx_hal_gpio.o
 .comment       0x00000043       0x44 ./Drivers/STM32F4xx_HAL_Driver/Src/stm32f4xx_hal_rcc.o
 .comment       0x00000043       0x44 ./Drivers/STM32F4xx_HAL_Driver/Src/stm32f4xx_hal_uart.o

.debug_frame    0x00000000     0x2030
 .debug_frame   0x00000000      0x130 ./Core/Src/CAN_receive.o
 .debug_frame   0x00000130       0x34 ./Core/Src/bsp_can.o
 .debug_frame   0x00000164       0x90 ./Core/Src/can.o
 .debug_frame   0x000001f4       0x38 ./Core/Src/gpio.o
 .debug_frame   0x0000022c       0x68 ./Core/Src/main.o
 .debug_frame   0x00000294       0x38 ./Core/Src/stm32f4xx_hal_msp.o
 .debug_frame   0x000002cc      0x13c ./Core/Src/stm32f4xx_it.o
 .debug_frame   0x00000408       0x58 ./Core/Src/system_stm32f4xx.o
 .debug_frame   0x00000460       0x74 ./Core/Src/usart.o
 .debug_frame   0x000004d4      0x374 ./Drivers/STM32F4xx_HAL_Driver/Src/stm32f4xx_hal.o
 .debug_frame   0x00000848      0x5a0 ./Drivers/STM32F4xx_HAL_Driver/Src/stm32f4xx_hal_can.o
 .debug_frame   0x00000de8      0x508 ./Drivers/STM32F4xx_HAL_Driver/Src/stm32f4xx_hal_cortex.o
 .debug_frame   0x000012f0      0x14c ./Drivers/STM32F4xx_HAL_Driver/Src/stm32f4xx_hal_gpio.o
 .debug_frame   0x0000143c      0x1f4 ./Drivers/STM32F4xx_HAL_Driver/Src/stm32f4xx_hal_rcc.o
 .debug_frame   0x00001630      0x954 ./Drivers/STM32F4xx_HAL_Driver/Src/stm32f4xx_hal_uart.o
 .debug_frame   0x00001f84       0x20 /Applications/STM32CubeIDE.app/Contents/Eclipse/plugins/com.st.stm32cube.ide.mcu.externaltools.gnu-tools-for-stm32.13.3.rel1.macos64_1.0.0.202411102158/tools/bin/../lib/gcc/arm-none-eabi/13.3.1/../../../../arm-none-eabi/lib/thumb/v7e-m+fp/hard/libc_nano.a(libc_a-memset.o)
 .debug_frame   0x00001fa4       0x2c /Applications/STM32CubeIDE.app/Contents/Eclipse/plugins/com.st.stm32cube.ide.mcu.externaltools.gnu-tools-for-stm32.13.3.rel1.macos64_1.0.0.202411102158/tools/bin/../lib/gcc/arm-none-eabi/13.3.1/../../../../arm-none-eabi/lib/thumb/v7e-m+fp/hard/libc_nano.a(libc_a-init.o)
 .debug_frame   0x00001fd0       0x2c /Applications/STM32CubeIDE.app/Contents/Eclipse/plugins/com.st.stm32cube.ide.mcu.externaltools.gnu-tools-for-stm32.13.3.rel1.macos64_1.0.0.202411102158/tools/bin/../lib/gcc/arm-none-eabi/13.3.1/thumb/v7e-m+fp/hard/libgcc.a(_aeabi_uldivmod.o)
 .debug_frame   0x00001ffc       0x34 /Applications/STM32CubeIDE.app/Contents/Eclipse/plugins/com.st.stm32cube.ide.mcu.externaltools.gnu-tools-for-stm32.13.3.rel1.macos64_1.0.0.202411102158/tools/bin/../lib/gcc/arm-none-eabi/13.3.1/thumb/v7e-m+fp/hard/libgcc.a(_udivmoddi4.o)

.debug_line_str
                0x00000000       0x7b
 .debug_line_str
                0x00000000       0x7b ./Core/Startup/startup_stm32f407ighx.o
